../Core/Src/main.c:127:5:read_button_state	8	static
../Core/Src/main.c:137:6:check_button_and_switch_effect	16	static
../Core/Src/main.c:157:6:record_sample_and_maybe_runFFT	16	static
../Core/Src/main.c:180:6:HAL_TIM_PWM_PulseFinishedCallback	16	static
../Core/Src/main.c:188:6:Set_LED	24	static
../Core/Src/main.c:196:6:Set_Brightness	24	static
../Core/Src/main.c:214:6:WS2812_Send	32	static
../Core/Src/main.c:253:6:HSV_to_RGB	72	static
../Core/Src/main.c:277:6:Set_LEDs_color_at_once	32	static
../Core/Src/main.c:283:6:Turn_on_all_at_once	32	static
../Core/Src/main.c:289:6:Turn_off_all_at_once	16	static
../Core/Src/main.c:295:6:get_rainbow_color	48	static
../Core/Src/main.c:347:6:frequency_to_color_temp	56	static
../Core/Src/main.c:382:6:frequency_to_full_spectrum	32	static
../Core/Src/main.c:391:6:effect_sound_color	48	static
../Core/Src/main.c:431:6:ripple_effect	64	static
../Core/Src/main.c:464:6:sound_bar_hue_gradient	40	static
../Core/Src/main.c:495:6:effect_random_one_in_six_leds_by_sound	40	static
../Core/Src/main.c:529:6:effect_flash_fade_random_color	40	static
../Core/Src/main.c:569:6:effect_dynamic_vu_meter	48	static
../Core/Src/main.c:613:6:effect_spectrum_color_bands	64	static
../Core/Src/main.c:664:6:effect_rainbow_roll	40	static
../Core/Src/main.c:689:6:effect_bass_pulse_glow	40	static
../Core/Src/main.c:740:6:effect_frequency_chase_gradient	72	static
../Core/Src/main.c:822:5:main	32	static
../Core/Src/main.c:945:6:SystemClock_Config	88	static
../Core/Src/main.c:992:13:MX_ADC1_Init	24	static
../Core/Src/main.c:1044:13:MX_TIM1_Init	96	static
../Core/Src/main.c:1119:13:MX_TIM2_Init	32	static
../Core/Src/main.c:1162:13:MX_DMA_Init	16	static
../Core/Src/main.c:1180:13:MX_GPIO_Init	40	static
../Core/Src/main.c:1216:6:HAL_ADC_ConvCpltCallback	16	static
../Core/Src/main.c:1245:6:Error_Handler	4	static,ignoring_inline_asm
