../Core/Src/main.c:72:6:HAL_TIM_PWM_PulseFinishCallback	16	static
../Core/Src/main.c:77:6:Set_LED	24	static
../Core/Src/main.c:85:6:Set_Brightness	40	static
../Core/Src/main.c:105:6:WS2812_Send	32	static
../Core/Src/main.c:144:9:rainbow_effect	32	static
../Core/Src/main.c:185:5:main	8	static
../Core/Src/main.c:260:6:SystemClock_Config	88	static
../Core/Src/main.c:307:13:MX_TIM1_Init	96	static
../Core/Src/main.c:380:13:MX_DMA_Init	16	static
../Core/Src/main.c:398:13:MX_GPIO_Init	16	static
../Core/Src/main.c:420:6:Error_Handler	4	static,ignoring_inline_asm
