../Core/Src/main.c:126:6:record_sample_and_maybe_runFFT	16	static
../Core/Src/main.c:144:6:HAL_TIM_PWM_PulseFinishedCallback	16	static
../Core/Src/main.c:152:6:Set_LED	24	static
../Core/Src/main.c:160:6:Set_Brightness	24	static
../Core/Src/main.c:178:6:WS2812_Send	32	static
../Core/Src/main.c:217:6:HSV_to_RGB	72	static
../Core/Src/main.c:241:6:Set_LEDs_color_at_once	32	static
../Core/Src/main.c:247:6:Turn_on_all_at_once	32	static
../Core/Src/main.c:253:6:Turn_off_all_at_once	16	static
../Core/Src/main.c:259:6:get_rainbow_color	48	static
../Core/Src/main.c:311:6:frequency_to_color_temp	56	static
../Core/Src/main.c:346:6:frequency_to_full_spectrum	32	static
../Core/Src/main.c:355:6:effect_sound_color	48	static
../Core/Src/main.c:395:6:ripple_effect	64	static
../Core/Src/main.c:428:6:sound_bar_hue_gradient	40	static
../Core/Src/main.c:459:6:effect_random_one_in_six_leds_by_sound	40	static
../Core/Src/main.c:493:6:effect_flash_fade_random_color	40	static
../Core/Src/main.c:533:6:effect_dynamic_vu_meter	48	static
../Core/Src/main.c:577:6:effect_spectrum_color_bands	64	static
../Core/Src/main.c:642:6:effect_frequency_chase_gradient	80	static
../Core/Src/main.c:718:6:effect_rainbow_roll	40	static
../Core/Src/main.c:743:6:effect_bass_pulse_glow	40	static
../Core/Src/main.c:785:5:main	40	static
../Core/Src/main.c:893:6:SystemClock_Config	88	static
../Core/Src/main.c:940:13:MX_ADC1_Init	24	static
../Core/Src/main.c:992:13:MX_TIM1_Init	96	static
../Core/Src/main.c:1067:13:MX_TIM2_Init	32	static
../Core/Src/main.c:1110:13:MX_DMA_Init	16	static
../Core/Src/main.c:1128:13:MX_GPIO_Init	40	static
../Core/Src/main.c:1170:6:HAL_ADC_ConvCpltCallback	16	static
../Core/Src/main.c:1199:6:Error_Handler	4	static,ignoring_inline_asm
