Archive member included to satisfy reference by file (symbol)

D:\STM32\SAVE\STM32\Lib\libarm_cortexM4lf_math.a(arm_rfft_fast_init_f32.o)
                              ./Core/Src/main.o (arm_rfft_fast_init_f32)
D:\STM32\SAVE\STM32\Lib\libarm_cortexM4lf_math.a(arm_rfft_fast_f32.o)
                              ./Core/Src/main.o (arm_rfft_fast_f32)
D:\STM32\SAVE\STM32\Lib\libarm_cortexM4lf_math.a(arm_cfft_f32.o)
                              D:\STM32\SAVE\STM32\Lib\libarm_cortexM4lf_math.a(arm_rfft_fast_f32.o) (arm_cfft_f32)
D:\STM32\SAVE\STM32\Lib\libarm_cortexM4lf_math.a(arm_common_tables.o)
                              D:\STM32\SAVE\STM32\Lib\libarm_cortexM4lf_math.a(arm_rfft_fast_init_f32.o) (twiddleCoef_rfft_4096)
D:\STM32\SAVE\STM32\Lib\libarm_cortexM4lf_math.a(arm_bitreversal2.o)
                              D:\STM32\SAVE\STM32\Lib\libarm_cortexM4lf_math.a(arm_cfft_f32.o) (arm_bitreversal_32)
D:\STM32\SAVE\STM32\Lib\libarm_cortexM4lf_math.a(arm_cfft_radix8_f32.o)
                              D:\STM32\SAVE\STM32\Lib\libarm_cortexM4lf_math.a(arm_cfft_f32.o) (arm_radix8_butterfly_f32)
D:/STM32/STM32CubeIDE_1.18.1/STM32CubeIDE/plugins/com.st.stm32cube.ide.mcu.externaltools.gnu-tools-for-stm32.13.3.rel1.win32_1.0.0.202411081344/tools/bin/../lib/gcc/arm-none-eabi/13.3.1/../../../../arm-none-eabi/lib/thumb/v7e-m+fp/hard\libc_nano.a(libc_a-exit.o)
                              D:/STM32/STM32CubeIDE_1.18.1/STM32CubeIDE/plugins/com.st.stm32cube.ide.mcu.externaltools.gnu-tools-for-stm32.13.3.rel1.win32_1.0.0.202411081344/tools/bin/../lib/gcc/arm-none-eabi/13.3.1/../../../../arm-none-eabi/lib/thumb/v7e-m+fp/hard/crt0.o (exit)
D:/STM32/STM32CubeIDE_1.18.1/STM32CubeIDE/plugins/com.st.stm32cube.ide.mcu.externaltools.gnu-tools-for-stm32.13.3.rel1.win32_1.0.0.202411081344/tools/bin/../lib/gcc/arm-none-eabi/13.3.1/../../../../arm-none-eabi/lib/thumb/v7e-m+fp/hard\libc_nano.a(libc_a-rand.o)
                              ./Core/Src/main.o (rand)
D:/STM32/STM32CubeIDE_1.18.1/STM32CubeIDE/plugins/com.st.stm32cube.ide.mcu.externaltools.gnu-tools-for-stm32.13.3.rel1.win32_1.0.0.202411081344/tools/bin/../lib/gcc/arm-none-eabi/13.3.1/../../../../arm-none-eabi/lib/thumb/v7e-m+fp/hard\libc_nano.a(libc_a-findfp.o)
                              D:/STM32/STM32CubeIDE_1.18.1/STM32CubeIDE/plugins/com.st.stm32cube.ide.mcu.externaltools.gnu-tools-for-stm32.13.3.rel1.win32_1.0.0.202411081344/tools/bin/../lib/gcc/arm-none-eabi/13.3.1/../../../../arm-none-eabi/lib/thumb/v7e-m+fp/hard\libc_nano.a(libc_a-exit.o) (__stdio_exit_handler)
D:/STM32/STM32CubeIDE_1.18.1/STM32CubeIDE/plugins/com.st.stm32cube.ide.mcu.externaltools.gnu-tools-for-stm32.13.3.rel1.win32_1.0.0.202411081344/tools/bin/../lib/gcc/arm-none-eabi/13.3.1/../../../../arm-none-eabi/lib/thumb/v7e-m+fp/hard\libc_nano.a(libc_a-fwalk.o)
                              D:/STM32/STM32CubeIDE_1.18.1/STM32CubeIDE/plugins/com.st.stm32cube.ide.mcu.externaltools.gnu-tools-for-stm32.13.3.rel1.win32_1.0.0.202411081344/tools/bin/../lib/gcc/arm-none-eabi/13.3.1/../../../../arm-none-eabi/lib/thumb/v7e-m+fp/hard\libc_nano.a(libc_a-findfp.o) (_fwalk_sglue)
D:/STM32/STM32CubeIDE_1.18.1/STM32CubeIDE/plugins/com.st.stm32cube.ide.mcu.externaltools.gnu-tools-for-stm32.13.3.rel1.win32_1.0.0.202411081344/tools/bin/../lib/gcc/arm-none-eabi/13.3.1/../../../../arm-none-eabi/lib/thumb/v7e-m+fp/hard\libc_nano.a(libc_a-stdio.o)
                              D:/STM32/STM32CubeIDE_1.18.1/STM32CubeIDE/plugins/com.st.stm32cube.ide.mcu.externaltools.gnu-tools-for-stm32.13.3.rel1.win32_1.0.0.202411081344/tools/bin/../lib/gcc/arm-none-eabi/13.3.1/../../../../arm-none-eabi/lib/thumb/v7e-m+fp/hard\libc_nano.a(libc_a-findfp.o) (__sread)
D:/STM32/STM32CubeIDE_1.18.1/STM32CubeIDE/plugins/com.st.stm32cube.ide.mcu.externaltools.gnu-tools-for-stm32.13.3.rel1.win32_1.0.0.202411081344/tools/bin/../lib/gcc/arm-none-eabi/13.3.1/../../../../arm-none-eabi/lib/thumb/v7e-m+fp/hard\libc_nano.a(libc_a-memset.o)
                              D:/STM32/STM32CubeIDE_1.18.1/STM32CubeIDE/plugins/com.st.stm32cube.ide.mcu.externaltools.gnu-tools-for-stm32.13.3.rel1.win32_1.0.0.202411081344/tools/bin/../lib/gcc/arm-none-eabi/13.3.1/../../../../arm-none-eabi/lib/thumb/v7e-m+fp/hard/crt0.o (memset)
D:/STM32/STM32CubeIDE_1.18.1/STM32CubeIDE/plugins/com.st.stm32cube.ide.mcu.externaltools.gnu-tools-for-stm32.13.3.rel1.win32_1.0.0.202411081344/tools/bin/../lib/gcc/arm-none-eabi/13.3.1/../../../../arm-none-eabi/lib/thumb/v7e-m+fp/hard\libc_nano.a(libc_a-closer.o)
                              D:/STM32/STM32CubeIDE_1.18.1/STM32CubeIDE/plugins/com.st.stm32cube.ide.mcu.externaltools.gnu-tools-for-stm32.13.3.rel1.win32_1.0.0.202411081344/tools/bin/../lib/gcc/arm-none-eabi/13.3.1/../../../../arm-none-eabi/lib/thumb/v7e-m+fp/hard\libc_nano.a(libc_a-stdio.o) (_close_r)
[...]
Memory Configuration

Name             Origin             Length             Attributes
CCMRAM           0x10000000         0x00010000         xrw
RAM              0x20000000         0x00020000         xrw
FLASH            0x08000000         0x00080000         xr
*default*        0x00000000         0xffffffff

Linker script and memory map

LOAD D:/STM32/STM32CubeIDE_1.18.1/STM32CubeIDE/plugins/com.st.stm32cube.ide.mcu.externaltools.gnu-tools-for-stm32.13.3.rel1.win32_1.0.0.202411081344/tools/bin/../lib/gcc/arm-none-eabi/13.3.1/thumb/v7e-m+fp/hard/crti.o
LOAD D:/STM32/STM32CubeIDE_1.18.1/STM32CubeIDE/plugins/com.st.stm32cube.ide.mcu.externaltools.gnu-tools-for-stm32.13.3.rel1.win32_1.0.0.202411081344/tools/bin/../lib/gcc/arm-none-eabi/13.3.1/thumb/v7e-m+fp/hard/crtbegin.o
LOAD D:/STM32/STM32CubeIDE_1.18.1/STM32CubeIDE/plugins/com.st.stm32cube.ide.mcu.externaltools.gnu-tools-for-stm32.13.3.rel1.win32_1.0.0.202411081344/tools/bin/../lib/gcc/arm-none-eabi/13.3.1/../../../../arm-none-eabi/lib/thumb/v7e-m+fp/hard/crt0.o
LOAD ./Core/Src/main.o
LOAD ./Core/Src/stm32f4xx_hal_msp.o
LOAD ./Core/Src/stm32f4xx_it.o
LOAD ./Core/Src/syscalls.o
LOAD ./Core/Src/sysmem.o
LOAD ./Core/Src/system_stm32f4xx.o
LOAD ./Core/Startup/startup_stm32f407vetx.o
LOAD ./Drivers/STM32F4xx_HAL_Driver/Src/stm32f4xx_hal.o
LOAD ./Drivers/STM32F4xx_HAL_Driver/Src/stm32f4xx_hal_adc.o
LOAD ./Drivers/STM32F4xx_HAL_Driver/Src/stm32f4xx_hal_adc_ex.o
LOAD ./Drivers/STM32F4xx_HAL_Driver/Src/stm32f4xx_hal_cortex.o
LOAD ./Drivers/STM32F4xx_HAL_Driver/Src/stm32f4xx_hal_dma.o
LOAD ./Drivers/STM32F4xx_HAL_Driver/Src/stm32f4xx_hal_dma_ex.o
LOAD ./Drivers/STM32F4xx_HAL_Driver/Src/stm32f4xx_hal_exti.o
LOAD ./Drivers/STM32F4xx_HAL_Driver/Src/stm32f4xx_hal_flash.o
LOAD ./Drivers/STM32F4xx_HAL_Driver/Src/stm32f4xx_hal_flash_ex.o
LOAD ./Drivers/STM32F4xx_HAL_Driver/Src/stm32f4xx_hal_flash_ramfunc.o
LOAD ./Drivers/STM32F4xx_HAL_Driver/Src/stm32f4xx_hal_gpio.o
LOAD ./Drivers/STM32F4xx_HAL_Driver/Src/stm32f4xx_hal_pwr.o
LOAD ./Drivers/STM32F4xx_HAL_Driver/Src/stm32f4xx_hal_pwr_ex.o
LOAD ./Drivers/STM32F4xx_HAL_Driver/Src/stm32f4xx_hal_rcc.o
LOAD ./Drivers/STM32F4xx_HAL_Driver/Src/stm32f4xx_hal_rcc_ex.o
LOAD ./Drivers/STM32F4xx_HAL_Driver/Src/stm32f4xx_hal_tim.o
LOAD ./Drivers/STM32F4xx_HAL_Driver/Src/stm32f4xx_hal_tim_ex.o
LOAD ./Drivers/STM32F4xx_HAL_Driver/Src/stm32f4xx_ll_adc.o
LOAD D:\STM32\SAVE\STM32\Lib\libarm_cortexM4lf_math.a
START GROUP
LOAD D:/STM32/STM32CubeIDE_1.18.1/STM32CubeIDE/plugins/com.st.stm32cube.ide.mcu.externaltools.gnu-tools-for-stm32.13.3.rel1.win32_1.0.0.202411081344/tools/bin/../lib/gcc/arm-none-eabi/13.3.1/../../../../arm-none-eabi/lib/thumb/v7e-m+fp/hard\libc_nano.a
LOAD D:/STM32/STM32CubeIDE_1.18.1/STM32CubeIDE/plugins/com.st.stm32cube.ide.mcu.externaltools.gnu-tools-for-stm32.13.3.rel1.win32_1.0.0.202411081344/tools/bin/../lib/gcc/arm-none-eabi/13.3.1/../../../../arm-none-eabi/lib/thumb/v7e-m+fp/hard\libm.a
END GROUP
START GROUP
LOAD D:/STM32/STM32CubeIDE_1.18.1/STM32CubeIDE/plugins/com.st.stm32cube.ide.mcu.externaltools.gnu-tools-for-stm32.13.3.rel1.win32_1.0.0.202411081344/tools/bin/../lib/gcc/arm-none-eabi/13.3.1/thumb/v7e-m+fp/hard\libgcc.a
LOAD D:/STM32/STM32CubeIDE_1.18.1/STM32CubeIDE/plugins/com.st.stm32cube.ide.mcu.externaltools.gnu-tools-for-stm32.13.3.rel1.win32_1.0.0.202411081344/tools/bin/../lib/gcc/arm-none-eabi/13.3.1/../../../../arm-none-eabi/lib/thumb/v7e-m+fp/hard\libc_nano.a
END GROUP
START GROUP
LOAD D:/STM32/STM32CubeIDE_1.18.1/STM32CubeIDE/plugins/com.st.stm32cube.ide.mcu.externaltools.gnu-tools-for-stm32.13.3.rel1.win32_1.0.0.202411081344/tools/bin/../lib/gcc/arm-none-eabi/13.3.1/thumb/v7e-m+fp/hard\libgcc.a
LOAD D:/STM32/STM32CubeIDE_1.18.1/STM32CubeIDE/plugins/com.st.stm32cube.ide.mcu.externaltools.gnu-tools-for-stm32.13.3.rel1.win32_1.0.0.202411081344/tools/bin/../lib/gcc/arm-none-eabi/13.3.1/../../../../arm-none-eabi/lib/thumb/v7e-m+fp/hard\libc_nano.a
LOAD D:/STM32/STM32CubeIDE_1.18.1/STM32CubeIDE/plugins/com.st.stm32cube.ide.mcu.externaltools.gnu-tools-for-stm32.13.3.rel1.win32_1.0.0.202411081344/tools/bin/../lib/gcc/arm-none-eabi/13.3.1/../../../../arm-none-eabi/lib/thumb/v7e-m+fp/hard\libnosys.a
END GROUP
START GROUP
LOAD D:/STM32/STM32CubeIDE_1.18.1/STM32CubeIDE/plugins/com.st.stm32cube.ide.mcu.externaltools.gnu-tools-for-stm32.13.3.rel1.win32_1.0.0.202411081344/tools/bin/../lib/gcc/arm-none-eabi/13.3.1/thumb/v7e-m+fp/hard\libgcc.a
LOAD D:/STM32/STM32CubeIDE_1.18.1/STM32CubeIDE/plugins/com.st.stm32cube.ide.mcu.externaltools.gnu-tools-for-stm32.13.3.rel1.win32_1.0.0.202411081344/tools/bin/../lib/gcc/arm-none-eabi/13.3.1/../../../../arm-none-eabi/lib/thumb/v7e-m+fp/hard\libc_nano.a
LOAD D:/STM32/STM32CubeIDE_1.18.1/STM32CubeIDE/plugins/com.st.stm32cube.ide.mcu.externaltools.gnu-tools-for-stm32.13.3.rel1.win32_1.0.0.202411081344/tools/bin/../lib/gcc/arm-none-eabi/13.3.1/../../../../arm-none-eabi/lib/thumb/v7e-m+fp/hard\libnosys.a
END GROUP
LOAD D:/STM32/STM32CubeIDE_1.18.1/STM32CubeIDE/plugins/com.st.stm32cube.ide.mcu.externaltools.gnu-tools-for-stm32.13.3.rel1.win32_1.0.0.202411081344/tools/bin/../lib/gcc/arm-none-eabi/13.3.1/thumb/v7e-m+fp/hard/crtend.o
LOAD D:/STM32/STM32CubeIDE_1.18.1/STM32CubeIDE/plugins/com.st.stm32cube.ide.mcu.externaltools.gnu-tools-for-stm32.13.3.rel1.win32_1.0.0.202411081344/tools/bin/../lib/gcc/arm-none-eabi/13.3.1/thumb/v7e-m+fp/hard/crtn.o
                0x20020000                        _estack = (ORIGIN (RAM) + LENGTH (RAM))
                0x00000200                        _Min_Heap_Size = 0x200
                0x00000400                        _Min_Stack_Size = 0x400

.isr_vector     0x08000000      0x188
                0x08000000                        . = ALIGN (0x4)
 *(.isr_vector)
 .isr_vector    0x08000000      0x188 ./Core/Startup/startup_stm32f407vetx.o
                0x08000000                g_pfnVectors
                0x08000188                        . = ALIGN (0x4)

.text           0x08000188     0x50f8
                0x08000188                        . = ALIGN (0x4)
 *(.text)
 .text          0x08000188       0x40 D:/STM32/STM32CubeIDE_1.18.1/STM32CubeIDE/plugins/com.st.stm32cube.ide.mcu.externaltools.gnu-tools-for-stm32.13.3.rel1.win32_1.0.0.202411081344/tools/bin/../lib/gcc/arm-none-eabi/13.3.1/thumb/v7e-m+fp/hard/crtbegin.o
 .text          0x080001c8       0xc0 D:\STM32\SAVE\STM32\Lib\libarm_cortexM4lf_math.a(arm_bitreversal2.o)
                0x080001c8                arm_bitreversal_32
                0x08000232                arm_bitreversal_16
 .text          0x08000288       0x30 D:/STM32/STM32CubeIDE_1.18.1/STM32CubeIDE/plugins/com.st.stm32cube.ide.mcu.externaltools.gnu-tools-for-stm32.13.3.rel1.win32_1.0.0.202411081344/tools/bin/../lib/gcc/arm-none-eabi/13.3.1/thumb/v7e-m+fp/hard\libgcc.a(_aeabi_uldivmod.o)
                0x08000288                __aeabi_uldivmod
 .text          0x080002b8      0x2f8 D:/STM32/STM32CubeIDE_1.18.1/STM32CubeIDE/plugins/com.st.stm32cube.ide.mcu.externaltools.gnu-tools-for-stm32.13.3.rel1.win32_1.0.0.202411081344/tools/bin/../lib/gcc/arm-none-eabi/13.3.1/thumb/v7e-m+fp/hard\libgcc.a(_udivmoddi4.o)
                0x080002b8                __udivmoddi4
 .text          0x080005b0        0x4 D:/STM32/STM32CubeIDE_1.18.1/STM32CubeIDE/plugins/com.st.stm32cube.ide.mcu.externaltools.gnu-tools-for-stm32.13.3.rel1.win32_1.0.0.202411081344/tools/bin/../lib/gcc/arm-none-eabi/13.3.1/thumb/v7e-m+fp/hard\libgcc.a(_dvmd_tls.o)
                0x080005b0                __aeabi_idiv0
                0x080005b0                __aeabi_ldiv0
 *(.text*)
 .text.record_sample_and_maybe_runFFT
                0x080005b4       0x90 ./Core/Src/main.o
                0x080005b4                record_sample_and_maybe_runFFT
 .text.calculate_middle_point
                0x08000644       0x64 ./Core/Src/main.o
                0x08000644                calculate_middle_point
 .text.HAL_TIM_PWM_PulseFinishedCallback
                0x080006a8       0x30 ./Core/Src/main.o
                0x080006a8                HAL_TIM_PWM_PulseFinishedCallback
 .text.main     0x080006d8      0x128 ./Core/Src/main.o
                0x080006d8                main
 .text.SystemClock_Config
                0x08000800       0xd4 ./Core/Src/main.o
                0x08000800                SystemClock_Config
 .text.MX_ADC1_Init
                0x080008d4       0xa4 ./Core/Src/main.o
 .text.MX_TIM1_Init
                0x08000978      0x140 ./Core/Src/main.o
 .text.MX_TIM2_Init
                0x08000ab8       0x98 ./Core/Src/main.o
 .text.MX_DMA_Init
                0x08000b50       0x40 ./Core/Src/main.o
 .text.MX_GPIO_Init
                0x08000b90       0x78 ./Core/Src/main.o
 .text.HAL_ADC_ConvCpltCallback
                0x08000c08       0x38 ./Core/Src/main.o
                0x08000c08                HAL_ADC_ConvCpltCallback
 .text.Error_Handler
                0x08000c40        0xc ./Core/Src/main.o
                0x08000c40                Error_Handler
 .text.HAL_MspInit
                0x08000c4c       0x50 ./Core/Src/stm32f4xx_hal_msp.o
                0x08000c4c                HAL_MspInit
 .text.HAL_ADC_MspInit
                0x08000c9c       0x98 ./Core/Src/stm32f4xx_hal_msp.o
                0x08000c9c                HAL_ADC_MspInit
 .text.HAL_TIM_Base_MspInit
                0x08000d34       0xe0 ./Core/Src/stm32f4xx_hal_msp.o
                0x08000d34                HAL_TIM_Base_MspInit
 .text.HAL_TIM_MspPostInit
                0x08000e14       0x74 ./Core/Src/stm32f4xx_hal_msp.o
                0x08000e14                HAL_TIM_MspPostInit
 .text.NMI_Handler
                0x08000e88        0x8 ./Core/Src/stm32f4xx_it.o
                0x08000e88                NMI_Handler
 .text.HardFault_Handler
                0x08000e90        0x8 ./Core/Src/stm32f4xx_it.o
                0x08000e90                HardFault_Handler
 .text.MemManage_Handler
                0x08000e98        0x8 ./Core/Src/stm32f4xx_it.o
                0x08000e98                MemManage_Handler
 .text.BusFault_Handler
                0x08000ea0        0x8 ./Core/Src/stm32f4xx_it.o
                0x08000ea0                BusFault_Handler
 .text.UsageFault_Handler
                0x08000ea8        0x8 ./Core/Src/stm32f4xx_it.o
                0x08000ea8                UsageFault_Handler
 .text.SVC_Handler
                0x08000eb0        0xe ./Core/Src/stm32f4xx_it.o
                0x08000eb0                SVC_Handler
 .text.DebugMon_Handler
                0x08000ebe        0xe ./Core/Src/stm32f4xx_it.o
                0x08000ebe                DebugMon_Handler
 .text.PendSV_Handler
                0x08000ecc        0xe ./Core/Src/stm32f4xx_it.o
                0x08000ecc                PendSV_Handler
 .text.SysTick_Handler
                0x08000eda        0xc ./Core/Src/stm32f4xx_it.o
                0x08000eda                SysTick_Handler
 *fill*         0x08000ee6        0x2 
 .text.ADC_IRQHandler
                0x08000ee8       0x14 ./Core/Src/stm32f4xx_it.o
                0x08000ee8                ADC_IRQHandler
 .text.TIM2_IRQHandler
                0x08000efc       0x14 ./Core/Src/stm32f4xx_it.o
                0x08000efc                TIM2_IRQHandler
 .text.DMA2_Stream1_IRQHandler
                0x08000f10       0x14 ./Core/Src/stm32f4xx_it.o
                0x08000f10                DMA2_Stream1_IRQHandler
 .text.SystemInit
                0x08000f24       0x24 ./Core/Src/system_stm32f4xx.o
                0x08000f24                SystemInit
 .text.Reset_Handler
                0x08000f48       0x50 ./Core/Startup/startup_stm32f407vetx.o
                0x08000f48                Reset_Handler
 .text.Default_Handler
                0x08000f98        0x2 ./Core/Startup/startup_stm32f407vetx.o
                0x08000f98                RTC_Alarm_IRQHandler
                0x08000f98                HASH_RNG_IRQHandler
                0x08000f98                EXTI2_IRQHandler
                0x08000f98                TIM8_CC_IRQHandler
                0x08000f98                TIM1_CC_IRQHandler
                0x08000f98                DMA2_Stream5_IRQHandler
                0x08000f98                DMA1_Stream5_IRQHandler
                0x08000f98                PVD_IRQHandler
                0x08000f98                SDIO_IRQHandler
                0x08000f98                TAMP_STAMP_IRQHandler
                0x08000f98                CAN2_RX1_IRQHandler
                0x08000f98                EXTI3_IRQHandler
                0x08000f98                TIM8_TRG_COM_TIM14_IRQHandler
                0x08000f98                TIM1_UP_TIM10_IRQHandler
                0x08000f98                TIM8_UP_TIM13_IRQHandler
                0x08000f98                I2C3_ER_IRQHandler
                0x08000f98                EXTI0_IRQHandler
                0x08000f98                I2C2_EV_IRQHandler
                0x08000f98                DMA1_Stream2_IRQHandler
                0x08000f98                CAN1_RX0_IRQHandler
                0x08000f98                FPU_IRQHandler
                0x08000f98                OTG_HS_WKUP_IRQHandler
                0x08000f98                CAN2_SCE_IRQHandler
                0x08000f98                DMA2_Stream2_IRQHandler
                0x08000f98                SPI1_IRQHandler
                0x08000f98                TIM6_DAC_IRQHandler
                0x08000f98                TIM1_BRK_TIM9_IRQHandler
                0x08000f98                DCMI_IRQHandler
                0x08000f98                CAN2_RX0_IRQHandler
                0x08000f98                DMA2_Stream3_IRQHandler
                0x08000f98                USART6_IRQHandler
                0x08000f98                USART3_IRQHandler
                0x08000f98                CAN1_RX1_IRQHandler
                0x08000f98                UART5_IRQHandler
                0x08000f98                DMA2_Stream0_IRQHandler
                0x08000f98                TIM4_IRQHandler
                0x08000f98                I2C1_EV_IRQHandler
                0x08000f98                DMA1_Stream6_IRQHandler
                0x08000f98                DMA1_Stream1_IRQHandler
                0x08000f98                UART4_IRQHandler
                0x08000f98                TIM3_IRQHandler
                0x08000f98                RCC_IRQHandler
                0x08000f98                TIM8_BRK_TIM12_IRQHandler
                0x08000f98                Default_Handler
                0x08000f98                EXTI15_10_IRQHandler
                0x08000f98                DMA1_Stream7_IRQHandler
                0x08000f98                TIM7_IRQHandler
                0x08000f98                CAN2_TX_IRQHandler
                0x08000f98                TIM5_IRQHandler
                0x08000f98                DMA2_Stream7_IRQHandler
                0x08000f98                I2C3_EV_IRQHandler
                0x08000f98                EXTI9_5_IRQHandler
                0x08000f98                RTC_WKUP_IRQHandler
                0x08000f98                ETH_WKUP_IRQHandler
                0x08000f98                SPI2_IRQHandler
                0x08000f98                OTG_HS_EP1_IN_IRQHandler
                0x08000f98                DMA1_Stream0_IRQHandler
                0x08000f98                CAN1_TX_IRQHandler
                0x08000f98                EXTI4_IRQHandler
                0x08000f98                FSMC_IRQHandler
                0x08000f98                ETH_IRQHandler
                0x08000f98                OTG_HS_EP1_OUT_IRQHandler
                0x08000f98                WWDG_IRQHandler
                0x08000f98                OTG_FS_WKUP_IRQHandler
                0x08000f98                TIM1_TRG_COM_TIM11_IRQHandler
                0x08000f98                OTG_HS_IRQHandler
                0x08000f98                EXTI1_IRQHandler
                0x08000f98                USART2_IRQHandler
                0x08000f98                I2C2_ER_IRQHandler
                0x08000f98                CAN1_SCE_IRQHandler
                0x08000f98                FLASH_IRQHandler
                0x08000f98                DMA2_Stream4_IRQHandler
                0x08000f98                USART1_IRQHandler
                0x08000f98                OTG_FS_IRQHandler
                0x08000f98                SPI3_IRQHandler
                0x08000f98                DMA1_Stream4_IRQHandler
                0x08000f98                I2C1_ER_IRQHandler
                0x08000f98                DMA2_Stream6_IRQHandler
                0x08000f98                DMA1_Stream3_IRQHandler
 *fill*         0x08000f9a        0x2 
 .text.HAL_Init
                0x08000f9c       0x44 ./Drivers/STM32F4xx_HAL_Driver/Src/stm32f4xx_hal.o
                0x08000f9c                HAL_Init
 .text.HAL_InitTick
                0x08000fe0       0x60 ./Drivers/STM32F4xx_HAL_Driver/Src/stm32f4xx_hal.o
                0x08000fe0                HAL_InitTick
 .text.HAL_IncTick
                0x08001040       0x28 ./Drivers/STM32F4xx_HAL_Driver/Src/stm32f4xx_hal.o
                0x08001040                HAL_IncTick
 .text.HAL_GetTick
                0x08001068       0x18 ./Drivers/STM32F4xx_HAL_Driver/Src/stm32f4xx_hal.o
                0x08001068                HAL_GetTick
 .text.HAL_Delay
                0x08001080       0x48 ./Drivers/STM32F4xx_HAL_Driver/Src/stm32f4xx_hal.o
                0x08001080                HAL_Delay
 .text.HAL_ADC_Init
                0x080010c8       0x86 ./Drivers/STM32F4xx_HAL_Driver/Src/stm32f4xx_hal_adc.o
                0x080010c8                HAL_ADC_Init
 *fill*         0x0800114e        0x2 
 .text.HAL_ADC_Start
                0x08001150      0x1a4 ./Drivers/STM32F4xx_HAL_Driver/Src/stm32f4xx_hal_adc.o
                0x08001150                HAL_ADC_Start
 .text.HAL_ADC_Stop
                0x080012f4       0x66 ./Drivers/STM32F4xx_HAL_Driver/Src/stm32f4xx_hal_adc.o
                0x080012f4                HAL_ADC_Stop
 .text.HAL_ADC_PollForConversion
                0x0800135a      0x116 ./Drivers/STM32F4xx_HAL_Driver/Src/stm32f4xx_hal_adc.o
                0x0800135a                HAL_ADC_PollForConversion
 .text.HAL_ADC_Start_IT
                0x08001470      0x1bc ./Drivers/STM32F4xx_HAL_Driver/Src/stm32f4xx_hal_adc.o
                0x08001470                HAL_ADC_Start_IT
 .text.HAL_ADC_IRQHandler
                0x0800162c      0x220 ./Drivers/STM32F4xx_HAL_Driver/Src/stm32f4xx_hal_adc.o
                0x0800162c                HAL_ADC_IRQHandler
 .text.HAL_ADC_GetValue
                0x0800184c       0x1a ./Drivers/STM32F4xx_HAL_Driver/Src/stm32f4xx_hal_adc.o
                0x0800184c                HAL_ADC_GetValue
 .text.HAL_ADC_LevelOutOfWindowCallback
                0x08001866       0x14 ./Drivers/STM32F4xx_HAL_Driver/Src/stm32f4xx_hal_adc.o
                0x08001866                HAL_ADC_LevelOutOfWindowCallback
 .text.HAL_ADC_ErrorCallback
                0x0800187a       0x14 ./Drivers/STM32F4xx_HAL_Driver/Src/stm32f4xx_hal_adc.o
                0x0800187a                HAL_ADC_ErrorCallback
 *fill*         0x0800188e        0x2 
 .text.HAL_ADC_ConfigChannel
                0x08001890      0x244 ./Drivers/STM32F4xx_HAL_Driver/Src/stm32f4xx_hal_adc.o
                0x08001890                HAL_ADC_ConfigChannel
 .text.ADC_Init
                0x08001ad4      0x1f8 ./Drivers/STM32F4xx_HAL_Driver/Src/stm32f4xx_hal_adc.o
 .text.HAL_ADCEx_InjectedConvCpltCallback
                0x08001ccc       0x14 ./Drivers/STM32F4xx_HAL_Driver/Src/stm32f4xx_hal_adc_ex.o
                0x08001ccc                HAL_ADCEx_InjectedConvCpltCallback
 .text.__NVIC_SetPriorityGrouping
                0x08001ce0       0x48 ./Drivers/STM32F4xx_HAL_Driver/Src/stm32f4xx_hal_cortex.o
 .text.__NVIC_GetPriorityGrouping
                0x08001d28       0x1c ./Drivers/STM32F4xx_HAL_Driver/Src/stm32f4xx_hal_cortex.o
 .text.__NVIC_EnableIRQ
                0x08001d44       0x3c ./Drivers/STM32F4xx_HAL_Driver/Src/stm32f4xx_hal_cortex.o
 .text.__NVIC_SetPriority
                0x08001d80       0x54 ./Drivers/STM32F4xx_HAL_Driver/Src/stm32f4xx_hal_cortex.o
 .text.NVIC_EncodePriority
                0x08001dd4       0x66 ./Drivers/STM32F4xx_HAL_Driver/Src/stm32f4xx_hal_cortex.o
 *fill*         0x08001e3a        0x2 
 .text.SysTick_Config
                0x08001e3c       0x44 ./Drivers/STM32F4xx_HAL_Driver/Src/stm32f4xx_hal_cortex.o
 .text.HAL_NVIC_SetPriorityGrouping
                0x08001e80       0x16 ./Drivers/STM32F4xx_HAL_Driver/Src/stm32f4xx_hal_cortex.o
                0x08001e80                HAL_NVIC_SetPriorityGrouping
 .text.HAL_NVIC_SetPriority
                0x08001e96       0x38 ./Drivers/STM32F4xx_HAL_Driver/Src/stm32f4xx_hal_cortex.o
                0x08001e96                HAL_NVIC_SetPriority
 .text.HAL_NVIC_EnableIRQ
                0x08001ece       0x1c ./Drivers/STM32F4xx_HAL_Driver/Src/stm32f4xx_hal_cortex.o
                0x08001ece                HAL_NVIC_EnableIRQ
 .text.HAL_SYSTICK_Config
                0x08001eea       0x18 ./Drivers/STM32F4xx_HAL_Driver/Src/stm32f4xx_hal_cortex.o
                0x08001eea                HAL_SYSTICK_Config
 *fill*         0x08001f02        0x2 
 .text.HAL_DMA_Init
                0x08001f04      0x15c ./Drivers/STM32F4xx_HAL_Driver/Src/stm32f4xx_hal_dma.o
                0x08001f04                HAL_DMA_Init
 .text.HAL_DMA_Abort_IT
                0x08002060       0x44 ./Drivers/STM32F4xx_HAL_Driver/Src/stm32f4xx_hal_dma.o
                0x08002060                HAL_DMA_Abort_IT
 .text.HAL_DMA_IRQHandler
                0x080020a4      0x314 ./Drivers/STM32F4xx_HAL_Driver/Src/stm32f4xx_hal_dma.o
                0x080020a4                HAL_DMA_IRQHandler
 .text.DMA_CalcBaseAndBitshift
                0x080023b8       0x6c ./Drivers/STM32F4xx_HAL_Driver/Src/stm32f4xx_hal_dma.o
 .text.DMA_CheckFifoParam
                0x08002424       0xf8 ./Drivers/STM32F4xx_HAL_Driver/Src/stm32f4xx_hal_dma.o
 .text.HAL_GPIO_Init
                0x0800251c      0x338 ./Drivers/STM32F4xx_HAL_Driver/Src/stm32f4xx_hal_gpio.o
                0x0800251c                HAL_GPIO_Init
 .text.HAL_RCC_OscConfig
                0x08002854      0x4f0 ./Drivers/STM32F4xx_HAL_Driver/Src/stm32f4xx_hal_rcc.o
                0x08002854                HAL_RCC_OscConfig
 .text.HAL_RCC_ClockConfig
                0x08002d44      0x1cc ./Drivers/STM32F4xx_HAL_Driver/Src/stm32f4xx_hal_rcc.o
                0x08002d44                HAL_RCC_ClockConfig
 .text.HAL_RCC_GetSysClockFreq
                0x08002f10      0x20c ./Drivers/STM32F4xx_HAL_Driver/Src/stm32f4xx_hal_rcc.o
                0x08002f10                HAL_RCC_GetSysClockFreq
 .text.HAL_TIM_Base_Init
                0x0800311c       0x9e ./Drivers/STM32F4xx_HAL_Driver/Src/stm32f4xx_hal_tim.o
                0x0800311c                HAL_TIM_Base_Init
 *fill*         0x080031ba        0x2 
 .text.HAL_TIM_Base_Start
                0x080031bc       0xd0 ./Drivers/STM32F4xx_HAL_Driver/Src/stm32f4xx_hal_tim.o
                0x080031bc                HAL_TIM_Base_Start
 .text.HAL_TIM_PWM_Init
                0x0800328c       0x9e ./Drivers/STM32F4xx_HAL_Driver/Src/stm32f4xx_hal_tim.o
                0x0800328c                HAL_TIM_PWM_Init
 .text.HAL_TIM_PWM_MspInit
                0x0800332a       0x14 ./Drivers/STM32F4xx_HAL_Driver/Src/stm32f4xx_hal_tim.o
                0x0800332a                HAL_TIM_PWM_MspInit
 *fill*         0x0800333e        0x2 
 .text.HAL_TIM_PWM_Stop_DMA
                0x08003340      0x1a4 ./Drivers/STM32F4xx_HAL_Driver/Src/stm32f4xx_hal_tim.o
                0x08003340                HAL_TIM_PWM_Stop_DMA
 .text.HAL_TIM_IRQHandler
                0x080034e4      0x1e0 ./Drivers/STM32F4xx_HAL_Driver/Src/stm32f4xx_hal_tim.o
                0x080034e4                HAL_TIM_IRQHandler
 .text.HAL_TIM_PWM_ConfigChannel
                0x080036c4      0x184 ./Drivers/STM32F4xx_HAL_Driver/Src/stm32f4xx_hal_tim.o
                0x080036c4                HAL_TIM_PWM_ConfigChannel
 .text.HAL_TIM_ConfigClockSource
                0x08003848      0x18e ./Drivers/STM32F4xx_HAL_Driver/Src/stm32f4xx_hal_tim.o
                0x08003848                HAL_TIM_ConfigClockSource
 .text.HAL_TIM_PeriodElapsedCallback
                0x080039d6       0x14 ./Drivers/STM32F4xx_HAL_Driver/Src/stm32f4xx_hal_tim.o
                0x080039d6                HAL_TIM_PeriodElapsedCallback
 .text.HAL_TIM_OC_DelayElapsedCallback
                0x080039ea       0x14 ./Drivers/STM32F4xx_HAL_Driver/Src/stm32f4xx_hal_tim.o
                0x080039ea                HAL_TIM_OC_DelayElapsedCallback
 .text.HAL_TIM_IC_CaptureCallback
                0x080039fe       0x14 ./Drivers/STM32F4xx_HAL_Driver/Src/stm32f4xx_hal_tim.o
                0x080039fe                HAL_TIM_IC_CaptureCallback
 .text.HAL_TIM_TriggerCallback
                0x08003a12       0x14 ./Drivers/STM32F4xx_HAL_Driver/Src/stm32f4xx_hal_tim.o
                0x08003a12                HAL_TIM_TriggerCallback
 *fill*         0x08003a26        0x2 
 .text.TIM_Base_SetConfig
                0x08003a28      0x14c ./Drivers/STM32F4xx_HAL_Driver/Src/stm32f4xx_hal_tim.o
                0x08003a28                TIM_Base_SetConfig
 .text.TIM_OC1_SetConfig
                0x08003b74       0xe0 ./Drivers/STM32F4xx_HAL_Driver/Src/stm32f4xx_hal_tim.o
 .text.TIM_OC2_SetConfig
                0x08003c54       0xec ./Drivers/STM32F4xx_HAL_Driver/Src/stm32f4xx_hal_tim.o
                0x08003c54                TIM_OC2_SetConfig
 .text.TIM_OC3_SetConfig
                0x08003d40       0xe8 ./Drivers/STM32F4xx_HAL_Driver/Src/stm32f4xx_hal_tim.o
 .text.TIM_OC4_SetConfig
                0x08003e28       0xac ./Drivers/STM32F4xx_HAL_Driver/Src/stm32f4xx_hal_tim.o
 .text.TIM_TI1_ConfigInputStage
                0x08003ed4       0x5e ./Drivers/STM32F4xx_HAL_Driver/Src/stm32f4xx_hal_tim.o
 .text.TIM_TI2_ConfigInputStage
                0x08003f32       0x60 ./Drivers/STM32F4xx_HAL_Driver/Src/stm32f4xx_hal_tim.o
 .text.TIM_ITRx_SetConfig
                0x08003f92       0x36 ./Drivers/STM32F4xx_HAL_Driver/Src/stm32f4xx_hal_tim.o
 .text.TIM_ETR_SetConfig
                0x08003fc8       0x40 ./Drivers/STM32F4xx_HAL_Driver/Src/stm32f4xx_hal_tim.o
                0x08003fc8                TIM_ETR_SetConfig
 .text.TIM_CCxChannelCmd
                0x08004008       0x4a ./Drivers/STM32F4xx_HAL_Driver/Src/stm32f4xx_hal_tim.o
                0x08004008                TIM_CCxChannelCmd
 *fill*         0x08004052        0x2 
 .text.HAL_TIMEx_MasterConfigSynchronization
                0x08004054       0xf8 ./Drivers/STM32F4xx_HAL_Driver/Src/stm32f4xx_hal_tim_ex.o
                0x08004054                HAL_TIMEx_MasterConfigSynchronization
 .text.HAL_TIMEx_ConfigBreakDeadTime
                0x0800414c       0xa4 ./Drivers/STM32F4xx_HAL_Driver/Src/stm32f4xx_hal_tim_ex.o
                0x0800414c                HAL_TIMEx_ConfigBreakDeadTime
 .text.HAL_TIMEx_CommutCallback
                0x080041f0       0x14 ./Drivers/STM32F4xx_HAL_Driver/Src/stm32f4xx_hal_tim_ex.o
                0x080041f0                HAL_TIMEx_CommutCallback
 .text.HAL_TIMEx_BreakCallback
                0x08004204       0x14 ./Drivers/STM32F4xx_HAL_Driver/Src/stm32f4xx_hal_tim_ex.o
                0x08004204                HAL_TIMEx_BreakCallback
 .text.arm_rfft_fast_init_f32
                0x08004218      0x108 D:\STM32\SAVE\STM32\Lib\libarm_cortexM4lf_math.a(arm_rfft_fast_init_f32.o)
                0x08004218                arm_rfft_fast_init_f32
 .text.arm_rfft_fast_f32
                0x08004320      0x188 D:\STM32\SAVE\STM32\Lib\libarm_cortexM4lf_math.a(arm_rfft_fast_f32.o)
                0x08004320                arm_rfft_fast_f32
 .text.arm_cfft_radix8by2_f32
                0x080044a8      0x1a4 D:\STM32\SAVE\STM32\Lib\libarm_cortexM4lf_math.a(arm_cfft_f32.o)
                0x080044a8                arm_cfft_radix8by2_f32
 .text.arm_cfft_radix8by4_f32
                0x0800464c      0x4bc D:\STM32\SAVE\STM32\Lib\libarm_cortexM4lf_math.a(arm_cfft_f32.o)
                0x0800464c                arm_cfft_radix8by4_f32
 .text.arm_cfft_f32
                0x08004b08       0xf4 D:\STM32\SAVE\STM32\Lib\libarm_cortexM4lf_math.a(arm_cfft_f32.o)
                0x08004b08                arm_cfft_f32
 .text.arm_radix8_butterfly_f32
                0x08004bfc      0x5c4 D:\STM32\SAVE\STM32\Lib\libarm_cortexM4lf_math.a(arm_cfft_radix8_f32.o)
                0x08004bfc                arm_radix8_butterfly_f32
 .text.memset   0x080051c0       0x10 D:/STM32/STM32CubeIDE_1.18.1/STM32CubeIDE/plugins/com.st.stm32cube.ide.mcu.externaltools.gnu-tools-for-stm32.13.3.rel1.win32_1.0.0.202411081344/tools/bin/../lib/gcc/arm-none-eabi/13.3.1/../../../../arm-none-eabi/lib/thumb/v7e-m+fp/hard\libc_nano.a(libc_a-memset.o)
                0x080051c0                memset
 .text.__errno  0x080051d0        0xc D:/STM32/STM32CubeIDE_1.18.1/STM32CubeIDE/plugins/com.st.stm32cube.ide.mcu.externaltools.gnu-tools-for-stm32.13.3.rel1.win32_1.0.0.202411081344/tools/bin/../lib/gcc/arm-none-eabi/13.3.1/../../../../arm-none-eabi/lib/thumb/v7e-m+fp/hard\libc_nano.a(libc_a-errno.o)
                0x080051d0                __errno
 .text.__libc_init_array
                0x080051dc       0x48 D:/STM32/STM32CubeIDE_1.18.1/STM32CubeIDE/plugins/com.st.stm32cube.ide.mcu.externaltools.gnu-tools-for-stm32.13.3.rel1.win32_1.0.0.202411081344/tools/bin/../lib/gcc/arm-none-eabi/13.3.1/../../../../arm-none-eabi/lib/thumb/v7e-m+fp/hard\libc_nano.a(libc_a-init.o)
                0x080051dc                __libc_init_array
 .text.sqrtf    0x08005224       0x3c D:/STM32/STM32CubeIDE_1.18.1/STM32CubeIDE/plugins/com.st.stm32cube.ide.mcu.externaltools.gnu-tools-for-stm32.13.3.rel1.win32_1.0.0.202411081344/tools/bin/../lib/gcc/arm-none-eabi/13.3.1/../../../../arm-none-eabi/lib/thumb/v7e-m+fp/hard\libm.a(libm_a-wf_sqrt.o)
                0x08005224                sqrtf
 .text.__ieee754_sqrtf
                0x08005260        0x6 D:/STM32/STM32CubeIDE_1.18.1/STM32CubeIDE/plugins/com.st.stm32cube.ide.mcu.externaltools.gnu-tools-for-stm32.13.3.rel1.win32_1.0.0.202411081344/tools/bin/../lib/gcc/arm-none-eabi/13.3.1/../../../../arm-none-eabi/lib/thumb/v7e-m+fp/hard\libm.a(libm_a-ef_sqrt.o)
                0x08005260                __ieee754_sqrtf
 *(.glue_7)
 .glue_7        0x08005266        0x0 linker stubs
 *(.glue_7t)
 .glue_7t       0x08005266        0x0 linker stubs
 *(.eh_frame)
 *fill*         0x08005266        0x2 
 .eh_frame      0x08005268        0x0 D:/STM32/STM32CubeIDE_1.18.1/STM32CubeIDE/plugins/com.st.stm32cube.ide.mcu.externaltools.gnu-tools-for-stm32.13.3.rel1.win32_1.0.0.202411081344/tools/bin/../lib/gcc/arm-none-eabi/13.3.1/thumb/v7e-m+fp/hard/crtbegin.o
 *(.init)
 .init          0x08005268        0x4 D:/STM32/STM32CubeIDE_1.18.1/STM32CubeIDE/plugins/com.st.stm32cube.ide.mcu.externaltools.gnu-tools-for-stm32.13.3.rel1.win32_1.0.0.202411081344/tools/bin/../lib/gcc/arm-none-eabi/13.3.1/thumb/v7e-m+fp/hard/crti.o
                0x08005268                _init
 .init          0x0800526c        0x8 D:/STM32/STM32CubeIDE_1.18.1/STM32CubeIDE/plugins/com.st.stm32cube.ide.mcu.externaltools.gnu-tools-for-stm32.13.3.rel1.win32_1.0.0.202411081344/tools/bin/../lib/gcc/arm-none-eabi/13.3.1/thumb/v7e-m+fp/hard/crtn.o
 *(.fini)
 .fini          0x08005274        0x4 D:/STM32/STM32CubeIDE_1.18.1/STM32CubeIDE/plugins/com.st.stm32cube.ide.mcu.externaltools.gnu-tools-for-stm32.13.3.rel1.win32_1.0.0.202411081344/tools/bin/../lib/gcc/arm-none-eabi/13.3.1/thumb/v7e-m+fp/hard/crti.o
                0x08005274                _fini
 .fini          0x08005278        0x8 D:/STM32/STM32CubeIDE_1.18.1/STM32CubeIDE/plugins/com.st.stm32cube.ide.mcu.externaltools.gnu-tools-for-stm32.13.3.rel1.win32_1.0.0.202411081344/tools/bin/../lib/gcc/arm-none-eabi/13.3.1/thumb/v7e-m+fp/hard/crtn.o
                0x08005280                        . = ALIGN (0x4)
                0x08005280                        _etext = .

.vfp11_veneer   0x08005280        0x0
 .vfp11_veneer  0x08005280        0x0 linker stubs

.v4_bx          0x08005280        0x0
 .v4_bx         0x08005280        0x0 linker stubs

.iplt           0x08005280        0x0
 .iplt          0x08005280        0x0 D:/STM32/STM32CubeIDE_1.18.1/STM32CubeIDE/plugins/com.st.stm32cube.ide.mcu.externaltools.gnu-tools-for-stm32.13.3.rel1.win32_1.0.0.202411081344/tools/bin/../lib/gcc/arm-none-eabi/13.3.1/thumb/v7e-m+fp/hard/crtbegin.o

.rodata         0x08005280    0x13470
                0x08005280                        . = ALIGN (0x4)
 *(.rodata)
 *(.rodata*)
 .rodata.AHBPrescTable
                0x08005280       0x10 ./Core/Src/system_stm32f4xx.o
                0x08005280                AHBPrescTable
 .rodata.flagBitshiftOffset.0
                0x08005290        0x8 ./Drivers/STM32F4xx_HAL_Driver/Src/stm32f4xx_hal_dma.o
 .rodata.twiddleCoef_2048
                0x08005298     0x4000 D:\STM32\SAVE\STM32\Lib\libarm_cortexM4lf_math.a(arm_common_tables.o)
                0x08005298                twiddleCoef_2048
 .rodata.twiddleCoef_rfft_64
                0x08009298      0x100 D:\STM32\SAVE\STM32\Lib\libarm_cortexM4lf_math.a(arm_common_tables.o)
                0x08009298                twiddleCoef_rfft_64
 .rodata.armBitRevIndexTable64
                0x08009398       0x70 D:\STM32\SAVE\STM32\Lib\libarm_cortexM4lf_math.a(arm_common_tables.o)
                0x08009398                armBitRevIndexTable64
 .rodata.twiddleCoef_rfft_2048
                0x08009408     0x2000 D:\STM32\SAVE\STM32\Lib\libarm_cortexM4lf_math.a(arm_common_tables.o)
                0x08009408                twiddleCoef_rfft_2048
 .rodata.twiddleCoef_rfft_4096
                0x0800b408     0x4000 D:\STM32\SAVE\STM32\Lib\libarm_cortexM4lf_math.a(arm_common_tables.o)
                0x0800b408                twiddleCoef_rfft_4096
 .rodata.twiddleCoef_256
                0x0800f408      0x800 D:\STM32\SAVE\STM32\Lib\libarm_cortexM4lf_math.a(arm_common_tables.o)
                0x0800f408                twiddleCoef_256
 .rodata.twiddleCoef_16
                0x0800fc08       0x80 D:\STM32\SAVE\STM32\Lib\libarm_cortexM4lf_math.a(arm_common_tables.o)
                0x0800fc08                twiddleCoef_16
 .rodata.twiddleCoef_1024
                0x0800fc88     0x2000 D:\STM32\SAVE\STM32\Lib\libarm_cortexM4lf_math.a(arm_common_tables.o)
                0x0800fc88                twiddleCoef_1024
 .rodata.twiddleCoef_32
                0x08011c88      0x100 D:\STM32\SAVE\STM32\Lib\libarm_cortexM4lf_math.a(arm_common_tables.o)
                0x08011c88                twiddleCoef_32
 .rodata.armBitRevIndexTable1024
                0x08011d88      0xe10 D:\STM32\SAVE\STM32\Lib\libarm_cortexM4lf_math.a(arm_common_tables.o)
                0x08011d88                armBitRevIndexTable1024
 .rodata.armBitRevIndexTable16
                0x08012b98       0x28 D:\STM32\SAVE\STM32\Lib\libarm_cortexM4lf_math.a(arm_common_tables.o)
                0x08012b98                armBitRevIndexTable16
 .rodata.twiddleCoef_rfft_32
                0x08012bc0       0x80 D:\STM32\SAVE\STM32\Lib\libarm_cortexM4lf_math.a(arm_common_tables.o)
                0x08012bc0                twiddleCoef_rfft_32
 .rodata.armBitRevIndexTable32
                0x08012c40       0x60 D:\STM32\SAVE\STM32\Lib\libarm_cortexM4lf_math.a(arm_common_tables.o)
                0x08012c40                armBitRevIndexTable32
 .rodata.twiddleCoef_128
                0x08012ca0      0x400 D:\STM32\SAVE\STM32\Lib\libarm_cortexM4lf_math.a(arm_common_tables.o)
                0x08012ca0                twiddleCoef_128
 .rodata.twiddleCoef_512
                0x080130a0     0x1000 D:\STM32\SAVE\STM32\Lib\libarm_cortexM4lf_math.a(arm_common_tables.o)
                0x080130a0                twiddleCoef_512
 .rodata.armBitRevIndexTable2048
                0x080140a0     0x1dc0 D:\STM32\SAVE\STM32\Lib\libarm_cortexM4lf_math.a(arm_common_tables.o)
                0x080140a0                armBitRevIndexTable2048
 .rodata.twiddleCoef_64
                0x08015e60      0x200 D:\STM32\SAVE\STM32\Lib\libarm_cortexM4lf_math.a(arm_common_tables.o)
                0x08015e60                twiddleCoef_64
 .rodata.twiddleCoef_rfft_512
                0x08016060      0x800 D:\STM32\SAVE\STM32\Lib\libarm_cortexM4lf_math.a(arm_common_tables.o)
                0x08016060                twiddleCoef_rfft_512
 .rodata.armBitRevIndexTable512
                0x08016860      0x380 D:\STM32\SAVE\STM32\Lib\libarm_cortexM4lf_math.a(arm_common_tables.o)
                0x08016860                armBitRevIndexTable512
 .rodata.twiddleCoef_rfft_1024
                0x08016be0     0x1000 D:\STM32\SAVE\STM32\Lib\libarm_cortexM4lf_math.a(arm_common_tables.o)
                0x08016be0                twiddleCoef_rfft_1024
 .rodata.twiddleCoef_rfft_256
                0x08017be0      0x400 D:\STM32\SAVE\STM32\Lib\libarm_cortexM4lf_math.a(arm_common_tables.o)
                0x08017be0                twiddleCoef_rfft_256
 .rodata.armBitRevIndexTable256
                0x08017fe0      0x370 D:\STM32\SAVE\STM32\Lib\libarm_cortexM4lf_math.a(arm_common_tables.o)
                0x08017fe0                armBitRevIndexTable256
 .rodata.twiddleCoef_rfft_128
                0x08018350      0x200 D:\STM32\SAVE\STM32\Lib\libarm_cortexM4lf_math.a(arm_common_tables.o)
                0x08018350                twiddleCoef_rfft_128
 .rodata.armBitRevIndexTable128
                0x08018550      0x1a0 D:\STM32\SAVE\STM32\Lib\libarm_cortexM4lf_math.a(arm_common_tables.o)
                0x08018550                armBitRevIndexTable128
                0x080186f0                        . = ALIGN (0x4)

.ARM.extab      0x080186f0        0x0
                0x080186f0                        . = ALIGN (0x4)
 *(.ARM.extab* .gnu.linkonce.armextab.*)
                0x080186f0                        . = ALIGN (0x4)

.ARM            0x080186f0        0x8
                0x080186f0                        . = ALIGN (0x4)
                0x080186f0                        __exidx_start = .
 *(.ARM.exidx*)
 .ARM.exidx     0x080186f0        0x8 D:/STM32/STM32CubeIDE_1.18.1/STM32CubeIDE/plugins/com.st.stm32cube.ide.mcu.externaltools.gnu-tools-for-stm32.13.3.rel1.win32_1.0.0.202411081344/tools/bin/../lib/gcc/arm-none-eabi/13.3.1/thumb/v7e-m+fp/hard\libgcc.a(_udivmoddi4.o)
                0x080186f8                        __exidx_end = .
                0x080186f8                        . = ALIGN (0x4)

.preinit_array  0x080186f8        0x0
                0x080186f8                        . = ALIGN (0x4)
                0x080186f8                        PROVIDE (__preinit_array_start = .)
 *(.preinit_array*)
                0x080186f8                        PROVIDE (__preinit_array_end = .)
                0x080186f8                        . = ALIGN (0x4)

.init_array     0x080186f8        0x4
                0x080186f8                        . = ALIGN (0x4)
                0x080186f8                        PROVIDE (__init_array_start = .)
 *(SORT_BY_NAME(.init_array.*))
 *(.init_array*)
 .init_array    0x080186f8        0x4 D:/STM32/STM32CubeIDE_1.18.1/STM32CubeIDE/plugins/com.st.stm32cube.ide.mcu.externaltools.gnu-tools-for-stm32.13.3.rel1.win32_1.0.0.202411081344/tools/bin/../lib/gcc/arm-none-eabi/13.3.1/thumb/v7e-m+fp/hard/crtbegin.o
                0x080186fc                        PROVIDE (__init_array_end = .)
                0x080186fc                        . = ALIGN (0x4)

.fini_array     0x080186fc        0x4
                0x080186fc                        . = ALIGN (0x4)
                [!provide]                        PROVIDE (__fini_array_start = .)
 *(SORT_BY_NAME(.fini_array.*))
 *(.fini_array*)
 .fini_array    0x080186fc        0x4 D:/STM32/STM32CubeIDE_1.18.1/STM32CubeIDE/plugins/com.st.stm32cube.ide.mcu.externaltools.gnu-tools-for-stm32.13.3.rel1.win32_1.0.0.202411081344/tools/bin/../lib/gcc/arm-none-eabi/13.3.1/thumb/v7e-m+fp/hard/crtbegin.o
                [!provide]                        PROVIDE (__fini_array_end = .)
                0x08018700                        . = ALIGN (0x4)
                0x08018700                        _sidata = LOADADDR (.data)

.rel.dyn        0x08018700        0x0
 .rel.iplt      0x08018700        0x0 D:/STM32/STM32CubeIDE_1.18.1/STM32CubeIDE/plugins/com.st.stm32cube.ide.mcu.externaltools.gnu-tools-for-stm32.13.3.rel1.win32_1.0.0.202411081344/tools/bin/../lib/gcc/arm-none-eabi/13.3.1/thumb/v7e-m+fp/hard/crtbegin.o

.data           0x20000000       0x5c load address 0x08018700
                0x20000000                        . = ALIGN (0x4)
                0x20000000                        _sdata = .
 *(.data)
 *(.data*)
 .data.SystemCoreClock
                0x20000000        0x4 ./Core/Src/system_stm32f4xx.o
                0x20000000                SystemCoreClock
 .data.uwTickPrio
                0x20000004        0x4 ./Drivers/STM32F4xx_HAL_Driver/Src/stm32f4xx_hal.o
                0x20000004                uwTickPrio
 .data.uwTickFreq
                0x20000008        0x1 ./Drivers/STM32F4xx_HAL_Driver/Src/stm32f4xx_hal.o
                0x20000008                uwTickFreq
 *fill*         0x20000009        0x3 
 .data._impure_ptr
                0x2000000c        0x4 D:/STM32/STM32CubeIDE_1.18.1/STM32CubeIDE/plugins/com.st.stm32cube.ide.mcu.externaltools.gnu-tools-for-stm32.13.3.rel1.win32_1.0.0.202411081344/tools/bin/../lib/gcc/arm-none-eabi/13.3.1/../../../../arm-none-eabi/lib/thumb/v7e-m+fp/hard\libc_nano.a(libc_a-impure.o)
                0x2000000c                _impure_ptr
 .data._impure_data
                0x20000010       0x4c D:/STM32/STM32CubeIDE_1.18.1/STM32CubeIDE/plugins/com.st.stm32cube.ide.mcu.externaltools.gnu-tools-for-stm32.13.3.rel1.win32_1.0.0.202411081344/tools/bin/../lib/gcc/arm-none-eabi/13.3.1/../../../../arm-none-eabi/lib/thumb/v7e-m+fp/hard\libc_nano.a(libc_a-impure.o)
                0x20000010                _impure_data
 *(.RamFunc)
 *(.RamFunc*)
                0x2000005c                        . = ALIGN (0x4)
                0x2000005c                        _edata = .
                0x0801875c                        _siccmram = LOADADDR (.ccmram)

.igot.plt       0x2000005c        0x0 load address 0x0801875c
 .igot.plt      0x2000005c        0x0 D:/STM32/STM32CubeIDE_1.18.1/STM32CubeIDE/plugins/com.st.stm32cube.ide.mcu.externaltools.gnu-tools-for-stm32.13.3.rel1.win32_1.0.0.202411081344/tools/bin/../lib/gcc/arm-none-eabi/13.3.1/thumb/v7e-m+fp/hard/crtbegin.o

.ccmram         0x10000000        0x0 load address 0x0801875c
                0x10000000                        . = ALIGN (0x4)
                0x10000000                        _sccmram = .
 *(.ccmram)
 *(.ccmram*)
                0x10000000                        . = ALIGN (0x4)
                0x10000000                        _eccmram = .
                0x10000000                        . = ALIGN (0x4)

.bss            0x2000005c     0x42bc
                0x2000005c                        _sbss = .
                0x2000005c                        __bss_start__ = _sbss
 *(.bss)
 .bss           0x2000005c       0x1c D:/STM32/STM32CubeIDE_1.18.1/STM32CubeIDE/plugins/com.st.stm32cube.ide.mcu.externaltools.gnu-tools-for-stm32.13.3.rel1.win32_1.0.0.202411081344/tools/bin/../lib/gcc/arm-none-eabi/13.3.1/thumb/v7e-m+fp/hard/crtbegin.o
 *(.bss*)
 .bss.hadc1     0x20000078       0x48 ./Core/Src/main.o
                0x20000078                hadc1
 .bss.htim1     0x200000c0       0x48 ./Core/Src/main.o
                0x200000c0                htim1
 .bss.htim2     0x20000108       0x48 ./Core/Src/main.o
                0x20000108                htim2
 .bss.hdma_tim1_ch1
                0x20000150       0x60 ./Core/Src/main.o
                0x20000150                hdma_tim1_ch1
 .bss.amp       0x200001b0        0x2 ./Core/Src/main.o
                0x200001b0                amp
 *fill*         0x200001b2        0x2 
 .bss.datasentflag
                0x200001b4        0x4 ./Core/Src/main.o
                0x200001b4                datasentflag
 .bss.middle_point
                0x200001b8        0x2 ./Core/Src/main.o
                0x200001b8                middle_point
 .bss.freq      0x200001ba        0x2 ./Core/Src/main.o
                0x200001ba                freq
 .bss.peakHz    0x200001bc        0x2 ./Core/Src/main.o
                0x200001bc                peakHz
 *fill*         0x200001be        0x2 
 .bss.fftHandler
                0x200001c0       0x18 ./Core/Src/main.o
                0x200001c0                fftHandler
 .bss.fftBufIn  0x200001d8     0x2000 ./Core/Src/main.o
                0x200001d8                fftBufIn
 .bss.fftBufOut
                0x200021d8     0x2000 ./Core/Src/main.o
                0x200021d8                fftBufOut
 .bss.fftIndex  0x200041d8        0x2 ./Core/Src/main.o
                0x200041d8                fftIndex
 .bss.fftReady  0x200041da        0x1 ./Core/Src/main.o
                0x200041da                fftReady
 *fill*         0x200041db        0x1 
 .bss.uwTick    0x200041dc        0x4 ./Drivers/STM32F4xx_HAL_Driver/Src/stm32f4xx_hal.o
                0x200041dc                uwTick
 .bss.__sf      0x200041e0      0x138 D:/STM32/STM32CubeIDE_1.18.1/STM32CubeIDE/plugins/com.st.stm32cube.ide.mcu.externaltools.gnu-tools-for-stm32.13.3.rel1.win32_1.0.0.202411081344/tools/bin/../lib/gcc/arm-none-eabi/13.3.1/../../../../arm-none-eabi/lib/thumb/v7e-m+fp/hard\libc_nano.a(libc_a-findfp.o)
                0x200041e0                __sf
 *(COMMON)
                0x20004318                        . = ALIGN (0x4)
                0x20004318                        _ebss = .
                0x20004318                        __bss_end__ = _ebss

._user_heap_stack
                0x20004318      0x600
                0x20004318                        . = ALIGN (0x8)
                [!provide]                        PROVIDE (end = .)
                0x20004318                        PROVIDE (_end = .)
                0x20004518                        . = (. + _Min_Heap_Size)
 *fill*         0x20004318      0x200 
                0x20004918                        . = (. + _Min_Stack_Size)
 *fill*         0x20004518      0x400 
                0x20004918                        . = ALIGN (0x8)

/DISCARD/
 libc.a(*)
 libm.a(*)
 libgcc.a(*)

.ARM.attributes
                0x00000000       0x30
 *(.ARM.attributes)
 .ARM.attributes
                0x00000000       0x22 D:/STM32/STM32CubeIDE_1.18.1/STM32CubeIDE/plugins/com.st.stm32cube.ide.mcu.externaltools.gnu-tools-for-stm32.13.3.rel1.win32_1.0.0.202411081344/tools/bin/../lib/gcc/arm-none-eabi/13.3.1/thumb/v7e-m+fp/hard/crti.o
 .ARM.attributes
                0x00000022       0x34 D:/STM32/STM32CubeIDE_1.18.1/STM32CubeIDE/plugins/com.st.stm32cube.ide.mcu.externaltools.gnu-tools-for-stm32.13.3.rel1.win32_1.0.0.202411081344/tools/bin/../lib/gcc/arm-none-eabi/13.3.1/thumb/v7e-m+fp/hard/crtbegin.o
 .ARM.attributes
                0x00000056       0x34 ./Core/Src/main.o
 .ARM.attributes
                0x0000008a       0x34 ./Core/Src/stm32f4xx_hal_msp.o
 .ARM.attributes
                0x000000be       0x34 ./Core/Src/stm32f4xx_it.o
 .ARM.attributes
                0x000000f2       0x34 ./Core/Src/system_stm32f4xx.o
 .ARM.attributes
                0x00000126       0x21 ./Core/Startup/startup_stm32f407vetx.o
 .ARM.attributes
                0x00000147       0x34 ./Drivers/STM32F4xx_HAL_Driver/Src/stm32f4xx_hal.o
 .ARM.attributes
                0x0000017b       0x34 ./Drivers/STM32F4xx_HAL_Driver/Src/stm32f4xx_hal_adc.o
 .ARM.attributes
                0x000001af       0x34 ./Drivers/STM32F4xx_HAL_Driver/Src/stm32f4xx_hal_adc_ex.o
 .ARM.attributes
                0x000001e3       0x34 ./Drivers/STM32F4xx_HAL_Driver/Src/stm32f4xx_hal_cortex.o
 .ARM.attributes
                0x00000217       0x34 ./Drivers/STM32F4xx_HAL_Driver/Src/stm32f4xx_hal_dma.o
 .ARM.attributes
                0x0000024b       0x34 ./Drivers/STM32F4xx_HAL_Driver/Src/stm32f4xx_hal_gpio.o
 .ARM.attributes
                0x0000027f       0x34 ./Drivers/STM32F4xx_HAL_Driver/Src/stm32f4xx_hal_rcc.o
 .ARM.attributes
                0x000002b3       0x34 ./Drivers/STM32F4xx_HAL_Driver/Src/stm32f4xx_hal_tim.o
 .ARM.attributes
                0x000002e7       0x34 ./Drivers/STM32F4xx_HAL_Driver/Src/stm32f4xx_hal_tim_ex.o
 .ARM.attributes
                0x0000031b       0x39 D:\STM32\SAVE\STM32\Lib\libarm_cortexM4lf_math.a(arm_rfft_fast_init_f32.o)
 .ARM.attributes
                0x00000354       0x39 D:\STM32\SAVE\STM32\Lib\libarm_cortexM4lf_math.a(arm_rfft_fast_f32.o)
 .ARM.attributes
                0x0000038d       0x39 D:\STM32\SAVE\STM32\Lib\libarm_cortexM4lf_math.a(arm_cfft_f32.o)
 .ARM.attributes
                0x000003c6       0x39 D:\STM32\SAVE\STM32\Lib\libarm_cortexM4lf_math.a(arm_common_tables.o)
 .ARM.attributes
                0x000003ff       0x25 D:\STM32\SAVE\STM32\Lib\libarm_cortexM4lf_math.a(arm_bitreversal2.o)
 .ARM.attributes
                0x00000424       0x39 D:\STM32\SAVE\STM32\Lib\libarm_cortexM4lf_math.a(arm_cfft_radix8_f32.o)
 .ARM.attributes
                0x0000045d       0x34 D:/STM32/STM32CubeIDE_1.18.1/STM32CubeIDE/plugins/com.st.stm32cube.ide.mcu.externaltools.gnu-tools-for-stm32.13.3.rel1.win32_1.0.0.202411081344/tools/bin/../lib/gcc/arm-none-eabi/13.3.1/../../../../arm-none-eabi/lib/thumb/v7e-m+fp/hard\libc_nano.a(libc_a-findfp.o)
 .ARM.attributes
                0x00000491       0x34 D:/STM32/STM32CubeIDE_1.18.1/STM32CubeIDE/plugins/com.st.stm32cube.ide.mcu.externaltools.gnu-tools-for-stm32.13.3.rel1.win32_1.0.0.202411081344/tools/bin/../lib/gcc/arm-none-eabi/13.3.1/../../../../arm-none-eabi/lib/thumb/v7e-m+fp/hard\libc_nano.a(libc_a-memset.o)
 .ARM.attributes
                0x000004c5       0x34 D:/STM32/STM32CubeIDE_1.18.1/STM32CubeIDE/plugins/com.st.stm32cube.ide.mcu.externaltools.gnu-tools-for-stm32.13.3.rel1.win32_1.0.0.202411081344/tools/bin/../lib/gcc/arm-none-eabi/13.3.1/../../../../arm-none-eabi/lib/thumb/v7e-m+fp/hard\libc_nano.a(libc_a-impure.o)
 .ARM.attributes
                0x000004f9       0x34 D:/STM32/STM32CubeIDE_1.18.1/STM32CubeIDE/plugins/com.st.stm32cube.ide.mcu.externaltools.gnu-tools-for-stm32.13.3.rel1.win32_1.0.0.202411081344/tools/bin/../lib/gcc/arm-none-eabi/13.3.1/../../../../arm-none-eabi/lib/thumb/v7e-m+fp/hard\libc_nano.a(libc_a-errno.o)
 .ARM.attributes
                0x0000052d       0x34 D:/STM32/STM32CubeIDE_1.18.1/STM32CubeIDE/plugins/com.st.stm32cube.ide.mcu.externaltools.gnu-tools-for-stm32.13.3.rel1.win32_1.0.0.202411081344/tools/bin/../lib/gcc/arm-none-eabi/13.3.1/../../../../arm-none-eabi/lib/thumb/v7e-m+fp/hard\libc_nano.a(libc_a-init.o)
 .ARM.attributes
                0x00000561       0x34 D:/STM32/STM32CubeIDE_1.18.1/STM32CubeIDE/plugins/com.st.stm32cube.ide.mcu.externaltools.gnu-tools-for-stm32.13.3.rel1.win32_1.0.0.202411081344/tools/bin/../lib/gcc/arm-none-eabi/13.3.1/../../../../arm-none-eabi/lib/thumb/v7e-m+fp/hard\libm.a(libm_a-wf_sqrt.o)
 .ARM.attributes
                0x00000595       0x34 D:/STM32/STM32CubeIDE_1.18.1/STM32CubeIDE/plugins/com.st.stm32cube.ide.mcu.externaltools.gnu-tools-for-stm32.13.3.rel1.win32_1.0.0.202411081344/tools/bin/../lib/gcc/arm-none-eabi/13.3.1/../../../../arm-none-eabi/lib/thumb/v7e-m+fp/hard\libm.a(libm_a-ef_sqrt.o)
 .ARM.attributes
                0x000005c9       0x22 D:/STM32/STM32CubeIDE_1.18.1/STM32CubeIDE/plugins/com.st.stm32cube.ide.mcu.externaltools.gnu-tools-for-stm32.13.3.rel1.win32_1.0.0.202411081344/tools/bin/../lib/gcc/arm-none-eabi/13.3.1/thumb/v7e-m+fp/hard\libgcc.a(_aeabi_uldivmod.o)
 .ARM.attributes
                0x000005eb       0x34 D:/STM32/STM32CubeIDE_1.18.1/STM32CubeIDE/plugins/com.st.stm32cube.ide.mcu.externaltools.gnu-tools-for-stm32.13.3.rel1.win32_1.0.0.202411081344/tools/bin/../lib/gcc/arm-none-eabi/13.3.1/thumb/v7e-m+fp/hard\libgcc.a(_udivmoddi4.o)
 .ARM.attributes
                0x0000061f       0x22 D:/STM32/STM32CubeIDE_1.18.1/STM32CubeIDE/plugins/com.st.stm32cube.ide.mcu.externaltools.gnu-tools-for-stm32.13.3.rel1.win32_1.0.0.202411081344/tools/bin/../lib/gcc/arm-none-eabi/13.3.1/thumb/v7e-m+fp/hard\libgcc.a(_dvmd_tls.o)
 .ARM.attributes
                0x00000641       0x22 D:/STM32/STM32CubeIDE_1.18.1/STM32CubeIDE/plugins/com.st.stm32cube.ide.mcu.externaltools.gnu-tools-for-stm32.13.3.rel1.win32_1.0.0.202411081344/tools/bin/../lib/gcc/arm-none-eabi/13.3.1/thumb/v7e-m+fp/hard/crtn.o
OUTPUT(STM32.elf elf32-littlearm)
LOAD linker stubs
LOAD D:/STM32/STM32CubeIDE_1.18.1/STM32CubeIDE/plugins/com.st.stm32cube.ide.mcu.externaltools.gnu-tools-for-stm32.13.3.rel1.win32_1.0.0.202411081344/tools/bin/../lib/gcc/arm-none-eabi/13.3.1/../../../../arm-none-eabi/lib/thumb/v7e-m+fp/hard\libc.a
LOAD D:/STM32/STM32CubeIDE_1.18.1/STM32CubeIDE/plugins/com.st.stm32cube.ide.mcu.externaltools.gnu-tools-for-stm32.13.3.rel1.win32_1.0.0.202411081344/tools/bin/../lib/gcc/arm-none-eabi/13.3.1/../../../../arm-none-eabi/lib/thumb/v7e-m+fp/hard\libm.a
LOAD D:/STM32/STM32CubeIDE_1.18.1/STM32CubeIDE/plugins/com.st.stm32cube.ide.mcu.externaltools.gnu-tools-for-stm32.13.3.rel1.win32_1.0.0.202411081344/tools/bin/../lib/gcc/arm-none-eabi/13.3.1/thumb/v7e-m+fp/hard\libgcc.a

.debug_info     0x00000000     0xe6d2
 .debug_info    0x00000000     0x2109 ./Core/Src/main.o
 .debug_info    0x00002109     0x1010 ./Core/Src/stm32f4xx_hal_msp.o
 .debug_info    0x00003119      0x993 ./Core/Src/stm32f4xx_it.o
 .debug_info    0x00003aac      0x512 ./Core/Src/system_stm32f4xx.o
 .debug_info    0x00003fbe       0x30 ./Core/Startup/startup_stm32f407vetx.o
 .debug_info    0x00003fee      0x944 ./Drivers/STM32F4xx_HAL_Driver/Src/stm32f4xx_hal.o
 .debug_info    0x00004932      0xce3 ./Drivers/STM32F4xx_HAL_Driver/Src/stm32f4xx_hal_adc.o
 .debug_info    0x00005615      0xb68 ./Drivers/STM32F4xx_HAL_Driver/Src/stm32f4xx_hal_adc_ex.o
 .debug_info    0x0000617d      0xd8c ./Drivers/STM32F4xx_HAL_Driver/Src/stm32f4xx_hal_cortex.o
 .debug_info    0x00006f09      0x8e7 ./Drivers/STM32F4xx_HAL_Driver/Src/stm32f4xx_hal_dma.o
 .debug_info    0x000077f0      0x6c3 ./Drivers/STM32F4xx_HAL_Driver/Src/stm32f4xx_hal_gpio.o
 .debug_info    0x00007eb3      0x8c3 ./Drivers/STM32F4xx_HAL_Driver/Src/stm32f4xx_hal_rcc.o
 .debug_info    0x00008776     0x299d ./Drivers/STM32F4xx_HAL_Driver/Src/stm32f4xx_hal_tim.o
 .debug_info    0x0000b113     0x14db ./Drivers/STM32F4xx_HAL_Driver/Src/stm32f4xx_hal_tim_ex.o
 .debug_info    0x0000c5ee      0x4c3 D:\STM32\SAVE\STM32\Lib\libarm_cortexM4lf_math.a(arm_rfft_fast_init_f32.o)
 .debug_info    0x0000cab1      0x72d D:\STM32\SAVE\STM32\Lib\libarm_cortexM4lf_math.a(arm_rfft_fast_f32.o)
 .debug_info    0x0000d1de      0x6b9 D:\STM32\SAVE\STM32\Lib\libarm_cortexM4lf_math.a(arm_cfft_f32.o)
 .debug_info    0x0000d897      0x99d D:\STM32\SAVE\STM32\Lib\libarm_cortexM4lf_math.a(arm_common_tables.o)
 .debug_info    0x0000e234       0x85 D:\STM32\SAVE\STM32\Lib\libarm_cortexM4lf_math.a(arm_bitreversal2.o)
 .debug_info    0x0000e2b9      0x419 D:\STM32\SAVE\STM32\Lib\libarm_cortexM4lf_math.a(arm_cfft_radix8_f32.o)

.debug_abbrev   0x00000000     0x23ca
 .debug_abbrev  0x00000000      0x3a3 ./Core/Src/main.o
 .debug_abbrev  0x000003a3      0x215 ./Core/Src/stm32f4xx_hal_msp.o
 .debug_abbrev  0x000005b8      0x1a7 ./Core/Src/stm32f4xx_it.o
 .debug_abbrev  0x0000075f      0x11a ./Core/Src/system_stm32f4xx.o
 .debug_abbrev  0x00000879       0x24 ./Core/Startup/startup_stm32f407vetx.o
 .debug_abbrev  0x0000089d      0x214 ./Drivers/STM32F4xx_HAL_Driver/Src/stm32f4xx_hal.o
 .debug_abbrev  0x00000ab1      0x252 ./Drivers/STM32F4xx_HAL_Driver/Src/stm32f4xx_hal_adc.o
 .debug_abbrev  0x00000d03      0x270 ./Drivers/STM32F4xx_HAL_Driver/Src/stm32f4xx_hal_adc_ex.o
 .debug_abbrev  0x00000f73      0x31d ./Drivers/STM32F4xx_HAL_Driver/Src/stm32f4xx_hal_cortex.o
 .debug_abbrev  0x00001290      0x264 ./Drivers/STM32F4xx_HAL_Driver/Src/stm32f4xx_hal_dma.o
 .debug_abbrev  0x000014f4      0x1d4 ./Drivers/STM32F4xx_HAL_Driver/Src/stm32f4xx_hal_gpio.o
 .debug_abbrev  0x000016c8      0x2b7 ./Drivers/STM32F4xx_HAL_Driver/Src/stm32f4xx_hal_rcc.o
 .debug_abbrev  0x0000197f      0x278 ./Drivers/STM32F4xx_HAL_Driver/Src/stm32f4xx_hal_tim.o
 .debug_abbrev  0x00001bf7      0x283 ./Drivers/STM32F4xx_HAL_Driver/Src/stm32f4xx_hal_tim_ex.o
 .debug_abbrev  0x00001e7a       0xfd D:\STM32\SAVE\STM32\Lib\libarm_cortexM4lf_math.a(arm_rfft_fast_init_f32.o)
 .debug_abbrev  0x00001f77      0x188 D:\STM32\SAVE\STM32\Lib\libarm_cortexM4lf_math.a(arm_rfft_fast_f32.o)
 .debug_abbrev  0x000020ff      0x18b D:\STM32\SAVE\STM32\Lib\libarm_cortexM4lf_math.a(arm_cfft_f32.o)
 .debug_abbrev  0x0000228a       0x84 D:\STM32\SAVE\STM32\Lib\libarm_cortexM4lf_math.a(arm_common_tables.o)
 .debug_abbrev  0x0000230e       0x14 D:\STM32\SAVE\STM32\Lib\libarm_cortexM4lf_math.a(arm_bitreversal2.o)
 .debug_abbrev  0x00002322       0xa8 D:\STM32\SAVE\STM32\Lib\libarm_cortexM4lf_math.a(arm_cfft_radix8_f32.o)

.debug_aranges  0x00000000      0xd08
 .debug_aranges
                0x00000000       0xe0 ./Core/Src/main.o
 .debug_aranges
                0x000000e0       0x48 ./Core/Src/stm32f4xx_hal_msp.o
 .debug_aranges
                0x00000128       0x78 ./Core/Src/stm32f4xx_it.o
 .debug_aranges
                0x000001a0       0x28 ./Core/Src/system_stm32f4xx.o
 .debug_aranges
                0x000001c8       0x28 ./Core/Startup/startup_stm32f407vetx.o
 .debug_aranges
                0x000001f0       0xf0 ./Drivers/STM32F4xx_HAL_Driver/Src/stm32f4xx_hal.o
 .debug_aranges
                0x000002e0       0xe8 ./Drivers/STM32F4xx_HAL_Driver/Src/stm32f4xx_hal_adc.o
 .debug_aranges
                0x000003c8       0x90 ./Drivers/STM32F4xx_HAL_Driver/Src/stm32f4xx_hal_adc_ex.o
 .debug_aranges
                0x00000458      0x130 ./Drivers/STM32F4xx_HAL_Driver/Src/stm32f4xx_hal_cortex.o
 .debug_aranges
                0x00000588       0x90 ./Drivers/STM32F4xx_HAL_Driver/Src/stm32f4xx_hal_dma.o
 .debug_aranges
                0x00000618       0x58 ./Drivers/STM32F4xx_HAL_Driver/Src/stm32f4xx_hal_gpio.o
 .debug_aranges
                0x00000670       0x88 ./Drivers/STM32F4xx_HAL_Driver/Src/stm32f4xx_hal_rcc.o
 .debug_aranges
                0x000006f8      0x3d0 ./Drivers/STM32F4xx_HAL_Driver/Src/stm32f4xx_hal_tim.o
 .debug_aranges
                0x00000ac8      0x168 ./Drivers/STM32F4xx_HAL_Driver/Src/stm32f4xx_hal_tim_ex.o
 .debug_aranges
                0x00000c30       0x20 D:\STM32\SAVE\STM32\Lib\libarm_cortexM4lf_math.a(arm_rfft_fast_init_f32.o)
 .debug_aranges
                0x00000c50       0x30 D:\STM32\SAVE\STM32\Lib\libarm_cortexM4lf_math.a(arm_rfft_fast_f32.o)
 .debug_aranges
                0x00000c80       0x30 D:\STM32\SAVE\STM32\Lib\libarm_cortexM4lf_math.a(arm_cfft_f32.o)
 .debug_aranges
                0x00000cb0       0x18 D:\STM32\SAVE\STM32\Lib\libarm_cortexM4lf_math.a(arm_common_tables.o)
 .debug_aranges
                0x00000cc8       0x20 D:\STM32\SAVE\STM32\Lib\libarm_cortexM4lf_math.a(arm_bitreversal2.o)
 .debug_aranges
                0x00000ce8       0x20 D:\STM32\SAVE\STM32\Lib\libarm_cortexM4lf_math.a(arm_cfft_radix8_f32.o)

.debug_rnglists
                0x00000000      0x983
 .debug_rnglists
                0x00000000       0xbf ./Core/Src/main.o
 .debug_rnglists
                0x000000bf       0x33 ./Core/Src/stm32f4xx_hal_msp.o
 .debug_rnglists
                0x000000f2       0x55 ./Core/Src/stm32f4xx_it.o
 .debug_rnglists
                0x00000147       0x1a ./Core/Src/system_stm32f4xx.o
 .debug_rnglists
                0x00000161       0x19 ./Core/Startup/startup_stm32f407vetx.o
 .debug_rnglists
                0x0000017a       0xaf ./Drivers/STM32F4xx_HAL_Driver/Src/stm32f4xx_hal.o
 .debug_rnglists
                0x00000229       0xb5 ./Drivers/STM32F4xx_HAL_Driver/Src/stm32f4xx_hal_adc.o
 .debug_rnglists
                0x000002de       0x71 ./Drivers/STM32F4xx_HAL_Driver/Src/stm32f4xx_hal_adc_ex.o
 .debug_rnglists
                0x0000034f       0xe0 ./Drivers/STM32F4xx_HAL_Driver/Src/stm32f4xx_hal_cortex.o
 .debug_rnglists
                0x0000042f       0x70 ./Drivers/STM32F4xx_HAL_Driver/Src/stm32f4xx_hal_dma.o
 .debug_rnglists
                0x0000049f       0x3f ./Drivers/STM32F4xx_HAL_Driver/Src/stm32f4xx_hal_gpio.o
 .debug_rnglists
                0x000004de       0x66 ./Drivers/STM32F4xx_HAL_Driver/Src/stm32f4xx_hal_rcc.o
 .debug_rnglists
                0x00000544      0x31a ./Drivers/STM32F4xx_HAL_Driver/Src/stm32f4xx_hal_tim.o
 .debug_rnglists
                0x0000085e      0x125 ./Drivers/STM32F4xx_HAL_Driver/Src/stm32f4xx_hal_tim_ex.o

.debug_macro    0x00000000    0x225b7
 .debug_macro   0x00000000      0x43d ./Core/Src/main.o
 .debug_macro   0x0000043d      0xad8 ./Core/Src/main.o
 .debug_macro   0x00000f15      0x29b ./Core/Src/main.o
 .debug_macro   0x000011b0       0x2e ./Core/Src/main.o
 .debug_macro   0x000011de       0x2f ./Core/Src/main.o
 .debug_macro   0x0000120d       0x22 ./Core/Src/main.o
 .debug_macro   0x0000122f       0x8e ./Core/Src/main.o
 .debug_macro   0x000012bd       0x51 ./Core/Src/main.o
 .debug_macro   0x0000130e      0x103 ./Core/Src/main.o
 .debug_macro   0x00001411       0x6a ./Core/Src/main.o
 .debug_macro   0x0000147b      0x1df ./Core/Src/main.o
 .debug_macro   0x0000165a       0x1c ./Core/Src/main.o
 .debug_macro   0x00001676       0x22 ./Core/Src/main.o
 .debug_macro   0x00001698       0xfb ./Core/Src/main.o
 .debug_macro   0x00001793     0x1011 ./Core/Src/main.o
 .debug_macro   0x000027a4      0x11f ./Core/Src/main.o
 .debug_macro   0x000028c3    0x15ea5 ./Core/Src/main.o
 .debug_macro   0x00018768       0x6d ./Core/Src/main.o
 .debug_macro   0x000187d5     0x3693 ./Core/Src/main.o
 .debug_macro   0x0001be68      0x190 ./Core/Src/main.o
 .debug_macro   0x0001bff8       0x5c ./Core/Src/main.o
 .debug_macro   0x0001c054      0x980 ./Core/Src/main.o
 .debug_macro   0x0001c9d4      0x9e9 ./Core/Src/main.o
 .debug_macro   0x0001d3bd      0x115 ./Core/Src/main.o
 .debug_macro   0x0001d4d2      0x13e ./Core/Src/main.o
 .debug_macro   0x0001d610       0xa5 ./Core/Src/main.o
 .debug_macro   0x0001d6b5      0x174 ./Core/Src/main.o
 .debug_macro   0x0001d829      0x287 ./Core/Src/main.o
 .debug_macro   0x0001dab0       0x5f ./Core/Src/main.o
 .debug_macro   0x0001db0f      0x236 ./Core/Src/main.o
 .debug_macro   0x0001dd45      0xb5b ./Core/Src/main.o
 .debug_macro   0x0001e8a0      0x38b ./Core/Src/main.o
 .debug_macro   0x0001ec2b      0x176 ./Core/Src/main.o
 .debug_macro   0x0001eda1       0xf9 ./Core/Src/main.o
 .debug_macro   0x0001ee9a      0x12c ./Core/Src/main.o
 .debug_macro   0x0001efc6      0x21e ./Core/Src/main.o
 .debug_macro   0x0001f1e4       0x2e ./Core/Src/main.o
 .debug_macro   0x0001f212      0x127 ./Core/Src/main.o
 .debug_macro   0x0001f339       0x7e ./Core/Src/main.o
 .debug_macro   0x0001f3b7       0x89 ./Core/Src/main.o
 .debug_macro   0x0001f440      0x8ed ./Core/Src/main.o
 .debug_macro   0x0001fd2d       0x4d ./Core/Src/main.o
 .debug_macro   0x0001fd7a      0x12d ./Core/Src/main.o
 .debug_macro   0x0001fea7       0x10 ./Core/Src/main.o
 .debug_macro   0x0001feb7       0x61 ./Core/Src/main.o
 .debug_macro   0x0001ff18       0x2a ./Core/Src/main.o
 .debug_macro   0x0001ff42       0x43 ./Core/Src/main.o
 .debug_macro   0x0001ff85       0x34 ./Core/Src/main.o
 .debug_macro   0x0001ffb9      0x370 ./Core/Src/main.o
 .debug_macro   0x00020329       0x16 ./Core/Src/main.o
 .debug_macro   0x0002033f       0x4a ./Core/Src/main.o
 .debug_macro   0x00020389       0x34 ./Core/Src/main.o
 .debug_macro   0x000203bd       0x10 ./Core/Src/main.o
 .debug_macro   0x000203cd       0x58 ./Core/Src/main.o
 .debug_macro   0x00020425       0x8e ./Core/Src/main.o
 .debug_macro   0x000204b3       0x1c ./Core/Src/main.o
 .debug_macro   0x000204cf      0x185 ./Core/Src/main.o
 .debug_macro   0x00020654      0x19b ./Core/Src/main.o
 .debug_macro   0x000207ef       0x16 ./Core/Src/main.o
 .debug_macro   0x00020805       0x3c ./Core/Src/main.o
 .debug_macro   0x00020841       0x10 ./Core/Src/main.o
 .debug_macro   0x00020851       0x10 ./Core/Src/main.o
 .debug_macro   0x00020861       0x10 ./Core/Src/main.o
 .debug_macro   0x00020871       0x1c ./Core/Src/main.o
 .debug_macro   0x0002088d       0x52 ./Core/Src/main.o
 .debug_macro   0x000208df       0x22 ./Core/Src/main.o
 .debug_macro   0x00020901       0x10 ./Core/Src/main.o
 .debug_macro   0x00020911       0x52 ./Core/Src/main.o
 .debug_macro   0x00020963       0xcf ./Core/Src/main.o
 .debug_macro   0x00020a32       0x1c ./Core/Src/main.o
 .debug_macro   0x00020a4e       0x3d ./Core/Src/main.o
 .debug_macro   0x00020a8b       0x35 ./Core/Src/main.o
 .debug_macro   0x00020ac0       0x16 ./Core/Src/main.o
 .debug_macro   0x00020ad6       0x16 ./Core/Src/main.o
 .debug_macro   0x00020aec       0x29 ./Core/Src/main.o
 .debug_macro   0x00020b15       0x22 ./Core/Src/main.o
 .debug_macro   0x00020b37       0x1c ./Core/Src/main.o
 .debug_macro   0x00020b53       0x10 ./Core/Src/main.o
 .debug_macro   0x00020b63       0x10 ./Core/Src/main.o
 .debug_macro   0x00020b73       0x16 ./Core/Src/main.o
 .debug_macro   0x00020b89      0x146 ./Core/Src/main.o
 .debug_macro   0x00020ccf       0x12 ./Core/Src/main.o
 .debug_macro   0x00020ce1       0x16 ./Core/Src/main.o
 .debug_macro   0x00020cf7       0x20 ./Core/Src/main.o
 .debug_macro   0x00020d17       0xd6 ./Core/Src/main.o
 .debug_macro   0x00020ded      0x1fb ./Core/Src/stm32f4xx_hal_msp.o
 .debug_macro   0x00020fe8      0x205 ./Core/Src/stm32f4xx_it.o
 .debug_macro   0x000211ed      0x1ec ./Core/Src/system_stm32f4xx.o
 .debug_macro   0x000213d9      0x24c ./Drivers/STM32F4xx_HAL_Driver/Src/stm32f4xx_hal.o
 .debug_macro   0x00021625      0x1ed ./Drivers/STM32F4xx_HAL_Driver/Src/stm32f4xx_hal_adc.o
 .debug_macro   0x00021812      0x1ec ./Drivers/STM32F4xx_HAL_Driver/Src/stm32f4xx_hal_adc_ex.o
 .debug_macro   0x000219fe      0x1ec ./Drivers/STM32F4xx_HAL_Driver/Src/stm32f4xx_hal_cortex.o
 .debug_macro   0x00021bea      0x1f2 ./Drivers/STM32F4xx_HAL_Driver/Src/stm32f4xx_hal_dma.o
 .debug_macro   0x00021ddc      0x1f2 ./Drivers/STM32F4xx_HAL_Driver/Src/stm32f4xx_hal_gpio.o
 .debug_macro   0x00021fce      0x210 ./Drivers/STM32F4xx_HAL_Driver/Src/stm32f4xx_hal_rcc.o
 .debug_macro   0x000221de      0x1ed ./Drivers/STM32F4xx_HAL_Driver/Src/stm32f4xx_hal_tim.o
 .debug_macro   0x000223cb      0x1ec ./Drivers/STM32F4xx_HAL_Driver/Src/stm32f4xx_hal_tim_ex.o

.debug_line     0x00000000     0xf530
 .debug_line    0x00000000     0x12b6 ./Core/Src/main.o
 .debug_line    0x000012b6      0x881 ./Core/Src/stm32f4xx_hal_msp.o
 .debug_line    0x00001b37      0x878 ./Core/Src/stm32f4xx_it.o
 .debug_line    0x000023af      0x7f7 ./Core/Src/system_stm32f4xx.o
 .debug_line    0x00002ba6       0x7a ./Core/Startup/startup_stm32f407vetx.o
 .debug_line    0x00002c20      0xa73 ./Drivers/STM32F4xx_HAL_Driver/Src/stm32f4xx_hal.o
 .debug_line    0x00003693     0x128a ./Drivers/STM32F4xx_HAL_Driver/Src/stm32f4xx_hal_adc.o
 .debug_line    0x0000491d      0xebe ./Drivers/STM32F4xx_HAL_Driver/Src/stm32f4xx_hal_adc_ex.o
 .debug_line    0x000057db      0xd43 ./Drivers/STM32F4xx_HAL_Driver/Src/stm32f4xx_hal_cortex.o
 .debug_line    0x0000651e      0xfdf ./Drivers/STM32F4xx_HAL_Driver/Src/stm32f4xx_hal_dma.o
 .debug_line    0x000074fd      0xbcb ./Drivers/STM32F4xx_HAL_Driver/Src/stm32f4xx_hal_gpio.o
 .debug_line    0x000080c8      0xe82 ./Drivers/STM32F4xx_HAL_Driver/Src/stm32f4xx_hal_rcc.o
 .debug_line    0x00008f4a     0x37e8 ./Drivers/STM32F4xx_HAL_Driver/Src/stm32f4xx_hal_tim.o
 .debug_line    0x0000c732     0x19d3 ./Drivers/STM32F4xx_HAL_Driver/Src/stm32f4xx_hal_tim_ex.o
 .debug_line    0x0000e105      0x1ab D:\STM32\SAVE\STM32\Lib\libarm_cortexM4lf_math.a(arm_rfft_fast_init_f32.o)
 .debug_line    0x0000e2b0      0x2c2 D:\STM32\SAVE\STM32\Lib\libarm_cortexM4lf_math.a(arm_rfft_fast_f32.o)
 .debug_line    0x0000e572      0x77e D:\STM32\SAVE\STM32\Lib\libarm_cortexM4lf_math.a(arm_cfft_f32.o)
 .debug_line    0x0000ecf0      0x12e D:\STM32\SAVE\STM32\Lib\libarm_cortexM4lf_math.a(arm_common_tables.o)
 .debug_line    0x0000ee1e       0x98 D:\STM32\SAVE\STM32\Lib\libarm_cortexM4lf_math.a(arm_bitreversal2.o)
 .debug_line    0x0000eeb6      0x67a D:\STM32\SAVE\STM32\Lib\libarm_cortexM4lf_math.a(arm_cfft_radix8_f32.o)

.debug_str      0x00000000    0xd7b28
 .debug_str     0x00000000    0xd7b28 ./Core/Src/main.o
                              0xd4e77 (size before relaxing)
 .debug_str     0x000d7b28    0xcf403 ./Core/Src/stm32f4xx_hal_msp.o
 .debug_str     0x000d7b28    0xced61 ./Core/Src/stm32f4xx_it.o
 .debug_str     0x000d7b28    0xce717 ./Core/Src/system_stm32f4xx.o
 .debug_str     0x000d7b28       0x5e ./Core/Startup/startup_stm32f407vetx.o
 .debug_str     0x000d7b28    0xcf29b ./Drivers/STM32F4xx_HAL_Driver/Src/stm32f4xx_hal.o
 .debug_str     0x000d7b28    0xced04 ./Drivers/STM32F4xx_HAL_Driver/Src/stm32f4xx_hal_adc.o
 .debug_str     0x000d7b28    0xced58 ./Drivers/STM32F4xx_HAL_Driver/Src/stm32f4xx_hal_adc_ex.o
 .debug_str     0x000d7b28    0xcf017 ./Drivers/STM32F4xx_HAL_Driver/Src/stm32f4xx_hal_cortex.o
 .debug_str     0x000d7b28    0xceb31 ./Drivers/STM32F4xx_HAL_Driver/Src/stm32f4xx_hal_dma.o
 .debug_str     0x000d7b28    0xce892 ./Drivers/STM32F4xx_HAL_Driver/Src/stm32f4xx_hal_gpio.o
 .debug_str     0x000d7b28    0xceb4b ./Drivers/STM32F4xx_HAL_Driver/Src/stm32f4xx_hal_rcc.o
 .debug_str     0x000d7b28    0xcfaa1 ./Drivers/STM32F4xx_HAL_Driver/Src/stm32f4xx_hal_tim.o
 .debug_str     0x000d7b28    0xcf2ad ./Drivers/STM32F4xx_HAL_Driver/Src/stm32f4xx_hal_tim_ex.o
 .debug_str     0x000d7b28      0x517 D:\STM32\SAVE\STM32\Lib\libarm_cortexM4lf_math.a(arm_rfft_fast_init_f32.o)
 .debug_str     0x000d7b28      0x2f4 D:\STM32\SAVE\STM32\Lib\libarm_cortexM4lf_math.a(arm_rfft_fast_f32.o)
 .debug_str     0x000d7b28      0x35f D:\STM32\SAVE\STM32\Lib\libarm_cortexM4lf_math.a(arm_cfft_f32.o)
 .debug_str     0x000d7b28      0x704 D:\STM32\SAVE\STM32\Lib\libarm_cortexM4lf_math.a(arm_common_tables.o)
 .debug_str     0x000d7b28      0x256 D:\STM32\SAVE\STM32\Lib\libarm_cortexM4lf_math.a(arm_cfft_radix8_f32.o)

.comment        0x00000000       0xb3
 .comment       0x00000000       0xb3 ./Core/Src/main.o
                                 0x44 (size before relaxing)
 .comment       0x000000b3       0x44 ./Core/Src/stm32f4xx_hal_msp.o
 .comment       0x000000b3       0x44 ./Core/Src/stm32f4xx_it.o
 .comment       0x000000b3       0x44 ./Core/Src/system_stm32f4xx.o
 .comment       0x000000b3       0x44 ./Drivers/STM32F4xx_HAL_Driver/Src/stm32f4xx_hal.o
 .comment       0x000000b3       0x44 ./Drivers/STM32F4xx_HAL_Driver/Src/stm32f4xx_hal_adc.o
 .comment       0x000000b3       0x44 ./Drivers/STM32F4xx_HAL_Driver/Src/stm32f4xx_hal_adc_ex.o
 .comment       0x000000b3       0x44 ./Drivers/STM32F4xx_HAL_Driver/Src/stm32f4xx_hal_cortex.o
 .comment       0x000000b3       0x44 ./Drivers/STM32F4xx_HAL_Driver/Src/stm32f4xx_hal_dma.o
 .comment       0x000000b3       0x44 ./Drivers/STM32F4xx_HAL_Driver/Src/stm32f4xx_hal_gpio.o
 .comment       0x000000b3       0x44 ./Drivers/STM32F4xx_HAL_Driver/Src/stm32f4xx_hal_rcc.o
 .comment       0x000000b3       0x44 ./Drivers/STM32F4xx_HAL_Driver/Src/stm32f4xx_hal_tim.o
 .comment       0x000000b3       0x44 ./Drivers/STM32F4xx_HAL_Driver/Src/stm32f4xx_hal_tim_ex.o
 .comment       0x000000b3       0x71 D:\STM32\SAVE\STM32\Lib\libarm_cortexM4lf_math.a(arm_rfft_fast_init_f32.o)
 .comment       0x000000b3       0x71 D:\STM32\SAVE\STM32\Lib\libarm_cortexM4lf_math.a(arm_rfft_fast_f32.o)
 .comment       0x000000b3       0x71 D:\STM32\SAVE\STM32\Lib\libarm_cortexM4lf_math.a(arm_cfft_f32.o)
 .comment       0x000000b3       0x71 D:\STM32\SAVE\STM32\Lib\libarm_cortexM4lf_math.a(arm_common_tables.o)
 .comment       0x000000b3       0x71 D:\STM32\SAVE\STM32\Lib\libarm_cortexM4lf_math.a(arm_cfft_radix8_f32.o)

.debug_frame    0x00000000     0x3724
 .debug_frame   0x00000000      0x398 ./Core/Src/main.o
 .debug_frame   0x00000398       0xec ./Core/Src/stm32f4xx_hal_msp.o
 .debug_frame   0x00000484      0x158 ./Core/Src/stm32f4xx_it.o
 .debug_frame   0x000005dc       0x58 ./Core/Src/system_stm32f4xx.o
 .debug_frame   0x00000634      0x374 ./Drivers/STM32F4xx_HAL_Driver/Src/stm32f4xx_hal.o
 .debug_frame   0x000009a8      0x3fc ./Drivers/STM32F4xx_HAL_Driver/Src/stm32f4xx_hal_adc.o
 .debug_frame   0x00000da4      0x250 ./Drivers/STM32F4xx_HAL_Driver/Src/stm32f4xx_hal_adc_ex.o
 .debug_frame   0x00000ff4      0x508 ./Drivers/STM32F4xx_HAL_Driver/Src/stm32f4xx_hal_cortex.o
 .debug_frame   0x000014fc      0x250 ./Drivers/STM32F4xx_HAL_Driver/Src/stm32f4xx_hal_dma.o
 .debug_frame   0x0000174c      0x14c ./Drivers/STM32F4xx_HAL_Driver/Src/stm32f4xx_hal_gpio.o
 .debug_frame   0x00001898      0x1f4 ./Drivers/STM32F4xx_HAL_Driver/Src/stm32f4xx_hal_rcc.o
 .debug_frame   0x00001a8c     0x11c0 ./Drivers/STM32F4xx_HAL_Driver/Src/stm32f4xx_hal_tim.o
 .debug_frame   0x00002c4c      0x638 ./Drivers/STM32F4xx_HAL_Driver/Src/stm32f4xx_hal_tim_ex.o
 .debug_frame   0x00003284       0x34 D:\STM32\SAVE\STM32\Lib\libarm_cortexM4lf_math.a(arm_rfft_fast_init_f32.o)
 .debug_frame   0x000032b8       0x74 D:\STM32\SAVE\STM32\Lib\libarm_cortexM4lf_math.a(arm_rfft_fast_f32.o)
 .debug_frame   0x0000332c       0xfc D:\STM32\SAVE\STM32\Lib\libarm_cortexM4lf_math.a(arm_cfft_f32.o)
 .debug_frame   0x00003428       0x94 D:\STM32\SAVE\STM32\Lib\libarm_cortexM4lf_math.a(arm_cfft_radix8_f32.o)
 .debug_frame   0x000034bc      0x144 D:/STM32/STM32CubeIDE_1.18.1/STM32CubeIDE/plugins/com.st.stm32cube.ide.mcu.externaltools.gnu-tools-for-stm32.13.3.rel1.win32_1.0.0.202411081344/tools/bin/../lib/gcc/arm-none-eabi/13.3.1/../../../../arm-none-eabi/lib/thumb/v7e-m+fp/hard\libc_nano.a(libc_a-findfp.o)
 .debug_frame   0x00003600       0x20 D:/STM32/STM32CubeIDE_1.18.1/STM32CubeIDE/plugins/com.st.stm32cube.ide.mcu.externaltools.gnu-tools-for-stm32.13.3.rel1.win32_1.0.0.202411081344/tools/bin/../lib/gcc/arm-none-eabi/13.3.1/../../../../arm-none-eabi/lib/thumb/v7e-m+fp/hard\libc_nano.a(libc_a-memset.o)
 .debug_frame   0x00003620       0x20 D:/STM32/STM32CubeIDE_1.18.1/STM32CubeIDE/plugins/com.st.stm32cube.ide.mcu.externaltools.gnu-tools-for-stm32.13.3.rel1.win32_1.0.0.202411081344/tools/bin/../lib/gcc/arm-none-eabi/13.3.1/../../../../arm-none-eabi/lib/thumb/v7e-m+fp/hard\libc_nano.a(libc_a-errno.o)
 .debug_frame   0x00003640       0x2c D:/STM32/STM32CubeIDE_1.18.1/STM32CubeIDE/plugins/com.st.stm32cube.ide.mcu.externaltools.gnu-tools-for-stm32.13.3.rel1.win32_1.0.0.202411081344/tools/bin/../lib/gcc/arm-none-eabi/13.3.1/../../../../arm-none-eabi/lib/thumb/v7e-m+fp/hard\libc_nano.a(libc_a-init.o)
 .debug_frame   0x0000366c       0x38 D:/STM32/STM32CubeIDE_1.18.1/STM32CubeIDE/plugins/com.st.stm32cube.ide.mcu.externaltools.gnu-tools-for-stm32.13.3.rel1.win32_1.0.0.202411081344/tools/bin/../lib/gcc/arm-none-eabi/13.3.1/../../../../arm-none-eabi/lib/thumb/v7e-m+fp/hard\libm.a(libm_a-wf_sqrt.o)
 .debug_frame   0x000036a4       0x20 D:/STM32/STM32CubeIDE_1.18.1/STM32CubeIDE/plugins/com.st.stm32cube.ide.mcu.externaltools.gnu-tools-for-stm32.13.3.rel1.win32_1.0.0.202411081344/tools/bin/../lib/gcc/arm-none-eabi/13.3.1/../../../../arm-none-eabi/lib/thumb/v7e-m+fp/hard\libm.a(libm_a-ef_sqrt.o)
 .debug_frame   0x000036c4       0x2c D:/STM32/STM32CubeIDE_1.18.1/STM32CubeIDE/plugins/com.st.stm32cube.ide.mcu.externaltools.gnu-tools-for-stm32.13.3.rel1.win32_1.0.0.202411081344/tools/bin/../lib/gcc/arm-none-eabi/13.3.1/thumb/v7e-m+fp/hard\libgcc.a(_aeabi_uldivmod.o)
 .debug_frame   0x000036f0       0x34 D:/STM32/STM32CubeIDE_1.18.1/STM32CubeIDE/plugins/com.st.stm32cube.ide.mcu.externaltools.gnu-tools-for-stm32.13.3.rel1.win32_1.0.0.202411081344/tools/bin/../lib/gcc/arm-none-eabi/13.3.1/thumb/v7e-m+fp/hard\libgcc.a(_udivmoddi4.o)

.debug_line_str
                0x00000000       0x42
 .debug_line_str
                0x00000000       0x42 ./Core/Startup/startup_stm32f407vetx.o

.debug_loc      0x00000000     0x2a79
 .debug_loc     0x00000000      0x1a6 D:\STM32\SAVE\STM32\Lib\libarm_cortexM4lf_math.a(arm_rfft_fast_init_f32.o)
 .debug_loc     0x000001a6      0xf1a D:\STM32\SAVE\STM32\Lib\libarm_cortexM4lf_math.a(arm_rfft_fast_f32.o)
 .debug_loc     0x000010c0     0x1053 D:\STM32\SAVE\STM32\Lib\libarm_cortexM4lf_math.a(arm_cfft_f32.o)
 .debug_loc     0x00002113      0x966 D:\STM32\SAVE\STM32\Lib\libarm_cortexM4lf_math.a(arm_cfft_radix8_f32.o)

.debug_ranges   0x00000000       0x60
 .debug_ranges  0x00000000       0x10 D:\STM32\SAVE\STM32\Lib\libarm_cortexM4lf_math.a(arm_rfft_fast_init_f32.o)
 .debug_ranges  0x00000010       0x20 D:\STM32\SAVE\STM32\Lib\libarm_cortexM4lf_math.a(arm_rfft_fast_f32.o)
 .debug_ranges  0x00000030       0x20 D:\STM32\SAVE\STM32\Lib\libarm_cortexM4lf_math.a(arm_cfft_f32.o)
 .debug_ranges  0x00000050       0x10 D:\STM32\SAVE\STM32\Lib\libarm_cortexM4lf_math.a(arm_cfft_radix8_f32.o)
